4.1767 	INFO 	Loaded monitor calibration from ['2025_08_24 15:35']
4.6180 	INFO 	Using renderer 'GeForce GT 730/PCIe/SSE2' for graphics
4.6180 	INFO 	OpenGL version supported by driver is 4..
4.6767 	EXP 	Created window1 = Window(allowGUI=True, allowStencil=False, autoLog=True, backendConf=UNKNOWN, backgroundFit=<method-wrapper '__getattribute__' of attributeSetter object at 0x000002093F430F40>, backgroundImage=<method-wrapper '__getattribute__' of attributeSetter object at 0x000002093F430EE0>, bitsMode=UNKNOWN, blendMode='avg', bpc=(8, 8, 8), color=array([1.    , 0.9843, 0.7412]), colorSpace='rgb', depthBits=8, fullscr=False, gamma=None, gammaErrorPolicy='raise', infoMsg=UNKNOWN, lms=UNKNOWN, monitor=<psychopy.monitors.calibTools.Monitor object at 0x000002093F547430>, multiSample=False, name='window1', numSamples=2, pos=[130.0, 540.0], screen=0, size=array([640, 360]), stencilBits=0, stereo=False, title='PsychoPy', units='height', useFBO=True, useRetina=False, viewOri=0.0, viewPos=None, viewScale=None, waitBlanking=True, winType='pyglet')
4.6767 	EXP 	window1: backgroundImage = ''
4.6767 	EXP 	window1: backgroundFit = 'none'
5.0910 	EXP 	window1: Attempting to measure frame rate of screen (0) ...
5.0911 	EXP 	window1: recordFrameIntervals = False
5.3302 	EXP 	window1: recordFrameIntervals = True
5.5798 	EXP 	Screen (0) actual frame rate measured at 59.88Hz
5.5798 	EXP 	window1: recordFrameIntervals = False
5.6671 	INFO 	keyboard.Keyboard is using ptb backend.
5.6672 	EXP 	Graz: status = STARTED
5.7717 	EXP 	Created attention_cross = ImageStim(__class__=<class 'psychopy.visual.image.ImageStim'>, anchor=('center', 'center'), autoLog=True, color=array([1., 1., 1.]), colorSpace='rgb', contrast=1.0, depth=0.0, draggable=False, flipHoriz=False, flipVert=False, image='../stims/cross.png', interpolate=True, mask=None, maskParams=None, name='attention_cross', opacity=1, ori=0.0, pos=array([0., 0.]), size=array([0.5, 0.5]), texRes=128.0, units='height', win=Window(...))
5.7782 	EXP 	Created motor_cue = ImageStim(__class__=<class 'psychopy.visual.image.ImageStim'>, anchor=('center', 'center'), autoLog=True, color=array([1., 1., 1.]), colorSpace='rgb', contrast=1.0, depth=0.0, draggable=False, flipHoriz=False, flipVert=False, image='default.png', interpolate=True, mask=None, maskParams=None, name='motor_cue', opacity=1, ori=0.0, pos=array([0., 0.]), size=array([1., 1.]), texRes=128.0, units='height', win=Window(...))
5.8269 	EXP 	Created attempt = ImageStim(__class__=<class 'psychopy.visual.image.ImageStim'>, anchor=('center', 'center'), autoLog=True, color=array([1., 1., 1.]), colorSpace='rgb', contrast=1.0, depth=0.0, draggable=False, flipHoriz=False, flipVert=False, image='../stims/cross.png', interpolate=True, mask=None, maskParams=None, name='attempt', opacity=1, ori=0.0, pos=array([0., 0.]), size=array([0.5, 0.5]), texRes=128.0, units='height', win=Window(...))
5.8821 	EXP 	Created image_2 = ImageStim(__class__=<class 'psychopy.visual.image.ImageStim'>, anchor=('center', 'center'), autoLog=True, color=array([1., 1., 1.]), colorSpace='rgb', contrast=1.0, depth=-1.0, draggable=False, flipHoriz=False, flipVert=False, image='../stims/rest.png', interpolate=True, mask=None, maskParams=None, name='image_2', opacity=1, ori=0.0, pos=array([0., 0.]), size=array([0.5, 0.5]), texRes=128.0, units='height', win=Window(...))
0.0938 	EXP 	Imported stims_sequence.csv as conditions, 15 conditions, 2 params
0.0981 	EXP 	New trial (rep=0, index=0): <Trial 0 (0 in rep 0) data={'img': '../stims/both_feet.png', 'event_label': 'BOTH_MI_STIM', 'thisN': 0, 'thisTrialN': 0, 'thisRepN': 0}>
3.0973 	EXP 	attention_cross: autoDraw = True
5.1318 	EXP 	attention_cross: autoDraw = False
5.1318 	EXP 	attention_cross: autoDraw = False
5.1318 	EXP 	motor_cue: image = '../stims/both_feet.png'
5.1318 	EXP 	motor_cue: autoDraw = True
6.3654 	EXP 	motor_cue: autoDraw = False
6.3654 	EXP 	attempt: autoDraw = True
10.1167 	EXP 	attempt: autoDraw = False
10.1167 	EXP 	image_2: autoDraw = True
12.0974 	EXP 	New trial (rep=0, index=1): <Trial 1 (1 in rep 0) data={'img': '../stims/right_foot.png', 'event_label': 'RIGHT_MI_STIM', 'thisN': 1, 'thisTrialN': 1, 'thisRepN': 0}>
12.1138 	EXP 	image_2: autoDraw = False
12.1138 	EXP 	attention_cross: autoDraw = True
14.1479 	EXP 	attention_cross: autoDraw = False
14.1479 	EXP 	motor_cue: image = '../stims/right_foot.png'
14.1479 	EXP 	motor_cue: autoDraw = True
15.3643 	EXP 	motor_cue: autoDraw = False
15.3643 	EXP 	attempt: autoDraw = True
19.1135 	EXP 	attempt: autoDraw = False
19.1135 	EXP 	image_2: autoDraw = True
21.0977 	EXP 	New trial (rep=0, index=2): <Trial 2 (2 in rep 0) data={'img': '../stims/both_feet.png', 'event_label': 'BOTH_MI_STIM', 'thisN': 2, 'thisTrialN': 2, 'thisRepN': 0}>
21.1142 	EXP 	image_2: autoDraw = False
21.1142 	EXP 	attention_cross: autoDraw = True
23.1476 	EXP 	attention_cross: autoDraw = False
23.1476 	EXP 	motor_cue: image = '../stims/both_feet.png'
23.1476 	EXP 	motor_cue: autoDraw = True
24.3641 	EXP 	motor_cue: autoDraw = False
24.3641 	EXP 	attempt: autoDraw = True
28.1128 	EXP 	attempt: autoDraw = False
28.1128 	EXP 	image_2: autoDraw = True
30.0962 	EXP 	New trial (rep=0, index=3): <Trial 3 (3 in rep 0) data={'img': '../stims/right_foot.png', 'event_label': 'RIGHT_MI_STIM', 'thisN': 3, 'thisTrialN': 3, 'thisRepN': 0}>
30.1128 	EXP 	image_2: autoDraw = False
30.1128 	EXP 	attention_cross: autoDraw = True
32.1473 	EXP 	attention_cross: autoDraw = False
32.1473 	EXP 	motor_cue: image = '../stims/right_foot.png'
32.1473 	EXP 	motor_cue: autoDraw = True
33.3647 	EXP 	motor_cue: autoDraw = False
33.3647 	EXP 	attempt: autoDraw = True
37.1114 	EXP 	attempt: autoDraw = False
37.1114 	EXP 	image_2: autoDraw = True
39.0954 	EXP 	New trial (rep=0, index=4): <Trial 4 (4 in rep 0) data={'img': '../stims/left_foot.png', 'event_label': 'LEFT_MI_STIM', 'thisN': 4, 'thisTrialN': 4, 'thisRepN': 0}>
39.1118 	EXP 	image_2: autoDraw = False
39.1118 	EXP 	attention_cross: autoDraw = True
41.1663 	EXP 	attention_cross: autoDraw = False
41.1663 	EXP 	motor_cue: image = '../stims/left_foot.png'
41.1663 	EXP 	motor_cue: autoDraw = True
42.3634 	EXP 	motor_cue: autoDraw = False
42.3634 	EXP 	attempt: autoDraw = True
46.1137 	EXP 	attempt: autoDraw = False
46.1137 	EXP 	image_2: autoDraw = True
48.0948 	EXP 	New trial (rep=0, index=5): <Trial 5 (5 in rep 0) data={'img': '../stims/left_foot.png', 'event_label': 'LEFT_MI_STIM', 'thisN': 5, 'thisTrialN': 5, 'thisRepN': 0}>
48.1114 	EXP 	image_2: autoDraw = False
48.1114 	EXP 	attention_cross: autoDraw = True
50.1460 	EXP 	attention_cross: autoDraw = False
50.1460 	EXP 	motor_cue: image = '../stims/left_foot.png'
50.1460 	EXP 	motor_cue: autoDraw = True
51.3649 	EXP 	motor_cue: autoDraw = False
51.3649 	EXP 	attempt: autoDraw = True
55.1108 	EXP 	attempt: autoDraw = False
55.1108 	EXP 	image_2: autoDraw = True
57.0948 	EXP 	New trial (rep=0, index=6): <Trial 6 (6 in rep 0) data={'img': '../stims/both_feet.png', 'event_label': 'BOTH_MI_STIM', 'thisN': 6, 'thisTrialN': 6, 'thisRepN': 0}>
57.1116 	EXP 	image_2: autoDraw = False
57.1116 	EXP 	attention_cross: autoDraw = True
59.1450 	EXP 	attention_cross: autoDraw = False
59.1450 	EXP 	motor_cue: image = '../stims/both_feet.png'
59.1450 	EXP 	motor_cue: autoDraw = True
60.3610 	EXP 	motor_cue: autoDraw = False
60.3610 	EXP 	attempt: autoDraw = True
64.1104 	EXP 	attempt: autoDraw = False
64.1104 	EXP 	image_2: autoDraw = True
66.0934 	EXP 	New trial (rep=0, index=7): <Trial 7 (7 in rep 0) data={'img': '../stims/right_foot.png', 'event_label': 'RIGHT_MI_STIM', 'thisN': 7, 'thisTrialN': 7, 'thisRepN': 0}>
66.1098 	EXP 	image_2: autoDraw = False
66.1098 	EXP 	attention_cross: autoDraw = True
68.1453 	EXP 	attention_cross: autoDraw = False
68.1453 	EXP 	motor_cue: image = '../stims/right_foot.png'
68.1453 	EXP 	motor_cue: autoDraw = True
69.3603 	EXP 	motor_cue: autoDraw = False
69.3603 	EXP 	attempt: autoDraw = True
73.1106 	EXP 	attempt: autoDraw = False
73.1106 	EXP 	image_2: autoDraw = True
75.0954 	EXP 	New trial (rep=0, index=8): <Trial 8 (8 in rep 0) data={'img': '../stims/right_foot.png', 'event_label': 'RIGHT_MI_STIM', 'thisN': 8, 'thisTrialN': 8, 'thisRepN': 0}>
75.1123 	EXP 	image_2: autoDraw = False
75.1123 	EXP 	attention_cross: autoDraw = True
77.1616 	EXP 	attention_cross: autoDraw = False
77.1616 	EXP 	motor_cue: image = '../stims/right_foot.png'
77.1616 	EXP 	motor_cue: autoDraw = True
78.3599 	EXP 	motor_cue: autoDraw = False
78.3599 	EXP 	attempt: autoDraw = True
82.1097 	EXP 	attempt: autoDraw = False
82.1097 	EXP 	image_2: autoDraw = True
84.0959 	EXP 	New trial (rep=0, index=9): <Trial 9 (9 in rep 0) data={'img': '../stims/left_foot.png', 'event_label': 'LEFT_MI_STIM', 'thisN': 9, 'thisTrialN': 9, 'thisRepN': 0}>
84.1109 	EXP 	image_2: autoDraw = False
84.1109 	EXP 	attention_cross: autoDraw = True
86.1433 	EXP 	attention_cross: autoDraw = False
86.1433 	EXP 	motor_cue: image = '../stims/left_foot.png'
86.1433 	EXP 	motor_cue: autoDraw = True
87.3644 	EXP 	motor_cue: autoDraw = False
87.3644 	EXP 	attempt: autoDraw = True
91.1175 	EXP 	attempt: autoDraw = False
91.1175 	EXP 	image_2: autoDraw = True
93.0989 	EXP 	New trial (rep=0, index=10): <Trial 10 (10 in rep 0) data={'img': '../stims/left_foot.png', 'event_label': 'LEFT_MI_STIM', 'thisN': 10, 'thisTrialN': 10, 'thisRepN': 0}>
93.1162 	EXP 	image_2: autoDraw = False
93.1162 	EXP 	attention_cross: autoDraw = True
95.1511 	EXP 	attention_cross: autoDraw = False
95.1511 	EXP 	motor_cue: image = '../stims/left_foot.png'
95.1511 	EXP 	motor_cue: autoDraw = True
96.3636 	EXP 	motor_cue: autoDraw = False
96.3636 	EXP 	attempt: autoDraw = True
100.1137 	EXP 	attempt: autoDraw = False
100.1137 	EXP 	image_2: autoDraw = True
102.0935 	EXP 	New trial (rep=0, index=11): <Trial 11 (11 in rep 0) data={'img': '../stims/both_feet.png', 'event_label': 'BOTH_MI_STIM', 'thisN': 11, 'thisTrialN': 11, 'thisRepN': 0}>
102.1142 	EXP 	image_2: autoDraw = False
102.1142 	EXP 	attention_cross: autoDraw = True
104.1612 	EXP 	attention_cross: autoDraw = False
104.1612 	EXP 	motor_cue: image = '../stims/both_feet.png'
104.1612 	EXP 	motor_cue: autoDraw = True
105.3601 	EXP 	motor_cue: autoDraw = False
105.3601 	EXP 	attempt: autoDraw = True
109.1119 	EXP 	attempt: autoDraw = False
109.1119 	EXP 	image_2: autoDraw = True
111.0924 	EXP 	New trial (rep=0, index=12): <Trial 12 (12 in rep 0) data={'img': '../stims/right_foot.png', 'event_label': 'RIGHT_MI_STIM', 'thisN': 12, 'thisTrialN': 12, 'thisRepN': 0}>
111.1084 	EXP 	image_2: autoDraw = False
111.1084 	EXP 	attention_cross: autoDraw = True
113.1469 	EXP 	attention_cross: autoDraw = False
113.1469 	EXP 	motor_cue: image = '../stims/right_foot.png'
113.1469 	EXP 	motor_cue: autoDraw = True
114.3620 	EXP 	motor_cue: autoDraw = False
114.3620 	EXP 	attempt: autoDraw = True
118.1096 	EXP 	attempt: autoDraw = False
118.1096 	EXP 	image_2: autoDraw = True
120.0991 	EXP 	New trial (rep=0, index=13): <Trial 13 (13 in rep 0) data={'img': '../stims/left_foot.png', 'event_label': 'LEFT_MI_STIM', 'thisN': 13, 'thisTrialN': 13, 'thisRepN': 0}>
120.1105 	EXP 	image_2: autoDraw = False
120.1105 	EXP 	attention_cross: autoDraw = True
122.1418 	EXP 	attention_cross: autoDraw = False
122.1418 	EXP 	motor_cue: image = '../stims/left_foot.png'
122.1418 	EXP 	motor_cue: autoDraw = True
123.3578 	EXP 	motor_cue: autoDraw = False
123.3578 	EXP 	attempt: autoDraw = True
127.1112 	EXP 	attempt: autoDraw = False
127.1112 	EXP 	image_2: autoDraw = True
129.0911 	EXP 	New trial (rep=0, index=14): <Trial 14 (14 in rep 0) data={'img': '../stims/both_feet.png', 'event_label': 'BOTH_MI_STIM', 'thisN': 14, 'thisTrialN': 14, 'thisRepN': 0}>
129.1083 	EXP 	image_2: autoDraw = False
129.1083 	EXP 	attention_cross: autoDraw = True
131.1435 	EXP 	attention_cross: autoDraw = False
131.1435 	EXP 	motor_cue: image = '../stims/both_feet.png'
131.1435 	EXP 	motor_cue: autoDraw = True
132.3611 	EXP 	motor_cue: autoDraw = False
132.3611 	EXP 	attempt: autoDraw = True
136.1069 	EXP 	attempt: autoDraw = False
136.1069 	EXP 	image_2: autoDraw = True
138.0902 	EXP 	New trial (rep=1, index=0): <Trial 15 (0 in rep 1) data={'img': '../stims/left_foot.png', 'event_label': 'LEFT_MI_STIM', 'thisN': 15, 'thisTrialN': 0, 'thisRepN': 1}>
138.1092 	EXP 	image_2: autoDraw = False
138.1092 	EXP 	attention_cross: autoDraw = True
140.1408 	EXP 	attention_cross: autoDraw = False
140.1408 	EXP 	motor_cue: image = '../stims/left_foot.png'
140.1408 	EXP 	motor_cue: autoDraw = True
141.3618 	EXP 	motor_cue: autoDraw = False
141.3618 	EXP 	attempt: autoDraw = True
145.1125 	EXP 	attempt: autoDraw = False
145.1125 	EXP 	image_2: autoDraw = True
147.0972 	EXP 	New trial (rep=1, index=1): <Trial 16 (1 in rep 1) data={'img': '../stims/right_foot.png', 'event_label': 'RIGHT_MI_STIM', 'thisN': 16, 'thisTrialN': 1, 'thisRepN': 1}>
147.1076 	EXP 	image_2: autoDraw = False
147.1076 	EXP 	attention_cross: autoDraw = True
149.1494 	EXP 	attention_cross: autoDraw = False
149.1494 	EXP 	motor_cue: image = '../stims/right_foot.png'
149.1494 	EXP 	motor_cue: autoDraw = True
150.3608 	EXP 	motor_cue: autoDraw = False
150.3608 	EXP 	attempt: autoDraw = True
154.1064 	EXP 	attempt: autoDraw = False
154.1064 	EXP 	image_2: autoDraw = True
156.0910 	EXP 	New trial (rep=1, index=2): <Trial 17 (2 in rep 1) data={'img': '../stims/right_foot.png', 'event_label': 'RIGHT_MI_STIM', 'thisN': 17, 'thisTrialN': 2, 'thisRepN': 1}>
156.1066 	EXP 	image_2: autoDraw = False
156.1066 	EXP 	attention_cross: autoDraw = True
158.1586 	EXP 	attention_cross: autoDraw = False
158.1586 	EXP 	motor_cue: image = '../stims/right_foot.png'
158.1586 	EXP 	motor_cue: autoDraw = True
159.3576 	EXP 	motor_cue: autoDraw = False
159.3576 	EXP 	attempt: autoDraw = True
163.1268 	EXP 	attempt: autoDraw = False
163.1268 	EXP 	image_2: autoDraw = True
165.1098 	EXP 	New trial (rep=1, index=3): <Trial 18 (3 in rep 1) data={'img': '../stims/both_feet.png', 'event_label': 'BOTH_MI_STIM', 'thisN': 18, 'thisTrialN': 3, 'thisRepN': 1}>
165.1254 	EXP 	image_2: autoDraw = False
165.1254 	EXP 	attention_cross: autoDraw = True
167.1581 	EXP 	attention_cross: autoDraw = False
167.1581 	EXP 	motor_cue: image = '../stims/both_feet.png'
167.1581 	EXP 	motor_cue: autoDraw = True
168.3594 	EXP 	motor_cue: autoDraw = False
168.3594 	EXP 	attempt: autoDraw = True
172.1089 	EXP 	attempt: autoDraw = False
172.1089 	EXP 	image_2: autoDraw = True
174.0900 	EXP 	New trial (rep=1, index=4): <Trial 19 (4 in rep 1) data={'img': '../stims/right_foot.png', 'event_label': 'RIGHT_MI_STIM', 'thisN': 19, 'thisTrialN': 4, 'thisRepN': 1}>
174.1106 	EXP 	image_2: autoDraw = False
174.1106 	EXP 	attention_cross: autoDraw = True
176.1575 	EXP 	attention_cross: autoDraw = False
176.1575 	EXP 	motor_cue: image = '../stims/right_foot.png'
176.1575 	EXP 	motor_cue: autoDraw = True
177.3554 	EXP 	motor_cue: autoDraw = False
177.3554 	EXP 	attempt: autoDraw = True
181.1057 	EXP 	attempt: autoDraw = False
181.1057 	EXP 	attempt: autoDraw = False
181.1057 	EXP 	image_2: autoDraw = True
183.0896 	EXP 	New trial (rep=1, index=5): <Trial 20 (5 in rep 1) data={'img': '../stims/both_feet.png', 'event_label': 'BOTH_MI_STIM', 'thisN': 20, 'thisTrialN': 5, 'thisRepN': 1}>
183.1089 	EXP 	image_2: autoDraw = False
183.1089 	EXP 	image_2: autoDraw = False
183.1089 	EXP 	attention_cross: autoDraw = True
185.1564 	EXP 	attention_cross: autoDraw = False
185.1564 	EXP 	motor_cue: image = '../stims/both_feet.png'
185.1564 	EXP 	motor_cue: autoDraw = True
186.3574 	EXP 	motor_cue: autoDraw = False
186.3574 	EXP 	attempt: autoDraw = True
190.1287 	EXP 	attempt: autoDraw = False
190.1287 	EXP 	image_2: autoDraw = True
192.1090 	EXP 	New trial (rep=1, index=6): <Trial 21 (6 in rep 1) data={'img': '../stims/right_foot.png', 'event_label': 'RIGHT_MI_STIM', 'thisN': 21, 'thisTrialN': 6, 'thisRepN': 1}>
192.1244 	EXP 	image_2: autoDraw = False
192.1244 	EXP 	attention_cross: autoDraw = True
194.1453 	EXP 	attention_cross: autoDraw = False
194.1453 	EXP 	motor_cue: image = '../stims/right_foot.png'
194.1453 	EXP 	motor_cue: autoDraw = True
195.3574 	EXP 	motor_cue: autoDraw = False
195.3574 	EXP 	attempt: autoDraw = True
199.1204 	EXP 	attempt: autoDraw = False
199.1204 	EXP 	image_2: autoDraw = True
201.1067 	EXP 	New trial (rep=1, index=7): <Trial 22 (7 in rep 1) data={'img': '../stims/right_foot.png', 'event_label': 'RIGHT_MI_STIM', 'thisN': 22, 'thisTrialN': 7, 'thisRepN': 1}>
201.1209 	EXP 	image_2: autoDraw = False
201.1209 	EXP 	attention_cross: autoDraw = True
203.1563 	EXP 	attention_cross: autoDraw = False
203.1563 	EXP 	motor_cue: image = '../stims/right_foot.png'
203.1563 	EXP 	motor_cue: autoDraw = True
204.3571 	EXP 	motor_cue: autoDraw = False
204.3571 	EXP 	attempt: autoDraw = True
208.1202 	EXP 	attempt: autoDraw = False
208.1202 	EXP 	image_2: autoDraw = True
210.1058 	EXP 	New trial (rep=1, index=8): <Trial 23 (8 in rep 1) data={'img': '../stims/both_feet.png', 'event_label': 'BOTH_MI_STIM', 'thisN': 23, 'thisTrialN': 8, 'thisRepN': 1}>
210.1198 	EXP 	image_2: autoDraw = False
210.1198 	EXP 	attention_cross: autoDraw = True
212.1548 	EXP 	attention_cross: autoDraw = False
212.1548 	EXP 	motor_cue: image = '../stims/both_feet.png'
212.1548 	EXP 	motor_cue: autoDraw = True
213.3549 	EXP 	motor_cue: autoDraw = False
213.3549 	EXP 	attempt: autoDraw = True
217.1208 	EXP 	attempt: autoDraw = False
217.1208 	EXP 	image_2: autoDraw = True
219.0945 	EXP 	New trial (rep=1, index=9): <Trial 24 (9 in rep 1) data={'img': '../stims/left_foot.png', 'event_label': 'LEFT_MI_STIM', 'thisN': 24, 'thisTrialN': 9, 'thisRepN': 1}>
219.1175 	EXP 	image_2: autoDraw = False
219.1175 	EXP 	attention_cross: autoDraw = True
221.1685 	EXP 	attention_cross: autoDraw = False
221.1685 	EXP 	motor_cue: image = '../stims/left_foot.png'
221.1685 	EXP 	motor_cue: autoDraw = True
222.3694 	EXP 	motor_cue: autoDraw = False
222.3694 	EXP 	attempt: autoDraw = True
226.1212 	EXP 	attempt: autoDraw = False
226.1212 	EXP 	image_2: autoDraw = True
228.1032 	EXP 	New trial (rep=1, index=10): <Trial 25 (10 in rep 1) data={'img': '../stims/both_feet.png', 'event_label': 'BOTH_MI_STIM', 'thisN': 25, 'thisTrialN': 10, 'thisRepN': 1}>
228.1211 	EXP 	image_2: autoDraw = False
228.1211 	EXP 	attention_cross: autoDraw = True
230.1522 	EXP 	attention_cross: autoDraw = False
230.1522 	EXP 	motor_cue: image = '../stims/both_feet.png'
230.1522 	EXP 	motor_cue: autoDraw = True
231.3684 	EXP 	motor_cue: autoDraw = False
231.3684 	EXP 	attempt: autoDraw = True
235.1215 	EXP 	attempt: autoDraw = False
235.1215 	EXP 	image_2: autoDraw = True
237.1010 	EXP 	New trial (rep=1, index=11): <Trial 26 (11 in rep 1) data={'img': '../stims/left_foot.png', 'event_label': 'LEFT_MI_STIM', 'thisN': 26, 'thisTrialN': 11, 'thisRepN': 1}>
237.1176 	EXP 	image_2: autoDraw = False
237.1176 	EXP 	attention_cross: autoDraw = True
239.1687 	EXP 	attention_cross: autoDraw = False
239.1687 	EXP 	motor_cue: image = '../stims/left_foot.png'
239.1687 	EXP 	motor_cue: autoDraw = True
240.3704 	EXP 	motor_cue: autoDraw = False
240.3704 	EXP 	attempt: autoDraw = True
244.1180 	EXP 	attempt: autoDraw = False
244.1180 	EXP 	image_2: autoDraw = True
246.1041 	EXP 	New trial (rep=1, index=12): <Trial 27 (12 in rep 1) data={'img': '../stims/left_foot.png', 'event_label': 'LEFT_MI_STIM', 'thisN': 27, 'thisTrialN': 12, 'thisRepN': 1}>
246.1200 	EXP 	image_2: autoDraw = False
246.1200 	EXP 	attention_cross: autoDraw = True
248.1531 	EXP 	attention_cross: autoDraw = False
248.1531 	EXP 	motor_cue: image = '../stims/left_foot.png'
248.1531 	EXP 	motor_cue: autoDraw = True
249.3700 	EXP 	motor_cue: autoDraw = False
249.3700 	EXP 	attempt: autoDraw = True
253.1198 	EXP 	attempt: autoDraw = False
253.1198 	EXP 	image_2: autoDraw = True
255.1037 	EXP 	New trial (rep=1, index=13): <Trial 28 (13 in rep 1) data={'img': '../stims/both_feet.png', 'event_label': 'BOTH_MI_STIM', 'thisN': 28, 'thisTrialN': 13, 'thisRepN': 1}>
255.1198 	EXP 	image_2: autoDraw = False
255.1198 	EXP 	attention_cross: autoDraw = True
257.1677 	EXP 	attention_cross: autoDraw = False
257.1677 	EXP 	motor_cue: image = '../stims/both_feet.png'
257.1677 	EXP 	motor_cue: autoDraw = True
258.3685 	EXP 	motor_cue: autoDraw = False
258.3685 	EXP 	attempt: autoDraw = True
262.1191 	EXP 	attempt: autoDraw = False
262.1191 	EXP 	image_2: autoDraw = True
264.1028 	EXP 	New trial (rep=1, index=14): <Trial 29 (14 in rep 1) data={'img': '../stims/left_foot.png', 'event_label': 'LEFT_MI_STIM', 'thisN': 29, 'thisTrialN': 14, 'thisRepN': 1}>
264.1191 	EXP 	image_2: autoDraw = False
264.1191 	EXP 	attention_cross: autoDraw = True
266.1672 	EXP 	attention_cross: autoDraw = False
266.1672 	EXP 	motor_cue: image = '../stims/left_foot.png'
266.1672 	EXP 	motor_cue: autoDraw = True
267.3690 	EXP 	motor_cue: autoDraw = False
267.3690 	EXP 	attempt: autoDraw = True
271.1168 	EXP 	attempt: autoDraw = False
271.1168 	EXP 	image_2: autoDraw = True
273.1190 	EXP 	image_2: autoDraw = False
273.1194 	EXP 	Graz: status = STOPPED
273.1661 	INFO 	saved data to 'C:\\Users\\User\\Documents\\GitHub\\real_time_bci\\experiment\\data\\TT000_Graz_2026-09-07_19h10.36.060.csv'
273.1681 	INFO 	saved data to C:\Users\User\Documents\GitHub\real_time_bci\experiment\data\TT000_Graz_2026-09-07_19h10.36.060.psydat
273.2991 	WARNING 	Stopping key buffers but this could be dangerous ifother keyboards rely on the same.
