4.0163 	INFO 	Loaded monitor calibration from ['2025_08_24 15:35']
4.3780 	INFO 	Using renderer 'GeForce GT 730/PCIe/SSE2' for graphics
4.3780 	INFO 	OpenGL version supported by driver is 4..
4.3988 	EXP 	Created window1 = Window(allowGUI=True, allowStencil=False, autoLog=True, backendConf=UNKNOWN, backgroundFit=<method-wrapper '__getattribute__' of attributeSetter object at 0x000002850C33B100>, backgroundImage=<method-wrapper '__getattribute__' of attributeSetter object at 0x000002850C33B040>, bitsMode=UNKNOWN, blendMode='avg', bpc=(8, 8, 8), color=array([1.    , 0.9843, 0.7412]), colorSpace='rgb', depthBits=8, fullscr=False, gamma=None, gammaErrorPolicy='raise', infoMsg=UNKNOWN, lms=UNKNOWN, monitor=<psychopy.monitors.calibTools.Monitor object at 0x000002850C348550>, multiSample=False, name='window1', numSamples=2, pos=[130.0, 540.0], screen=0, size=array([640, 360]), stencilBits=0, stereo=False, title='PsychoPy', units='height', useFBO=True, useRetina=False, viewOri=0.0, viewPos=None, viewScale=None, waitBlanking=True, winType='pyglet')
4.3988 	EXP 	window1: backgroundImage = ''
4.3988 	EXP 	window1: backgroundFit = 'none'
4.8067 	EXP 	window1: Attempting to measure frame rate of screen (0) ...
4.8067 	EXP 	window1: recordFrameIntervals = False
5.1146 	EXP 	window1: recordFrameIntervals = True
5.1498 	WARNING 	t of last frame was 22.57ms (=1/44)
5.1979 	WARNING 	t of last frame was 22.78ms (=1/43)
5.2329 	WARNING 	t of last frame was 22.56ms (=1/44)
5.2681 	WARNING 	t of last frame was 22.66ms (=1/44)
5.2926 	WARNING 	Multiple dropped frames have occurred - I'll stop bothering you about them!
5.7563 	EXP 	Screen (0) actual frame rate measured at 60.55Hz
5.7563 	EXP 	window1: recordFrameIntervals = False
5.8240 	INFO 	keyboard.Keyboard is using ptb backend.
5.8241 	EXP 	Graz: status = STARTED
6.0129 	EXP 	Created attention_cross = ImageStim(__class__=<class 'psychopy.visual.image.ImageStim'>, anchor=('center', 'center'), autoLog=True, color=array([1., 1., 1.]), colorSpace='rgb', contrast=1.0, depth=0.0, draggable=False, flipHoriz=False, flipVert=False, image='../stims/cross.png', interpolate=True, mask=None, maskParams=None, name='attention_cross', opacity=1, ori=0.0, pos=array([0., 0.]), size=array([0.5, 0.5]), texRes=128.0, units='height', win=Window(...))
6.1015 	EXP 	Created motor_cue = ImageStim(__class__=<class 'psychopy.visual.image.ImageStim'>, anchor=('center', 'center'), autoLog=True, color=array([1., 1., 1.]), colorSpace='rgb', contrast=1.0, depth=0.0, draggable=False, flipHoriz=False, flipVert=False, image='default.png', interpolate=True, mask=None, maskParams=None, name='motor_cue', opacity=1, ori=0.0, pos=array([0., 0.]), size=array([1., 1.]), texRes=128.0, units='height', win=Window(...))
6.2061 	EXP 	Created attempt = ImageStim(__class__=<class 'psychopy.visual.image.ImageStim'>, anchor=('center', 'center'), autoLog=True, color=array([1., 1., 1.]), colorSpace='rgb', contrast=1.0, depth=0.0, draggable=False, flipHoriz=False, flipVert=False, image='../stims/cross.png', interpolate=True, mask=None, maskParams=None, name='attempt', opacity=1, ori=0.0, pos=array([0., 0.]), size=array([0.5, 0.5]), texRes=128.0, units='height', win=Window(...))
6.2965 	EXP 	Created image_2 = ImageStim(__class__=<class 'psychopy.visual.image.ImageStim'>, anchor=('center', 'center'), autoLog=True, color=array([1., 1., 1.]), colorSpace='rgb', contrast=1.0, depth=-1.0, draggable=False, flipHoriz=False, flipVert=False, image='../stims/rest.png', interpolate=True, mask=None, maskParams=None, name='image_2', opacity=1, ori=0.0, pos=array([0., 0.]), size=array([0.5, 0.5]), texRes=128.0, units='height', win=Window(...))
0.0861 	EXP 	Imported stims_sequence.csv as conditions, 15 conditions, 2 params
0.0864 	EXP 	New trial (rep=0, index=0): <Trial 0 (0 in rep 0) data={'img': '../stims/right_foot.png', 'event_label': 'RIGHT_MI_STIM', 'thisN': 0, 'thisTrialN': 0, 'thisRepN': 0}>
3.0794 	EXP 	attention_cross: autoDraw = True
5.1797 	EXP 	attention_cross: autoDraw = False
5.1797 	EXP 	attention_cross: autoDraw = False
5.1797 	EXP 	motor_cue: image = '../stims/right_foot.png'
5.1797 	EXP 	motor_cue: autoDraw = True
6.3455 	EXP 	motor_cue: autoDraw = False
6.3455 	EXP 	attempt: autoDraw = True
10.1009 	EXP 	attempt: autoDraw = False
10.1009 	EXP 	attempt: autoDraw = False
10.1009 	EXP 	image_2: autoDraw = True
12.0871 	EXP 	New trial (rep=0, index=1): <Trial 1 (1 in rep 0) data={'img': '../stims/right_foot.png', 'event_label': 'RIGHT_MI_STIM', 'thisN': 1, 'thisTrialN': 1, 'thisRepN': 0}>
12.1110 	EXP 	image_2: autoDraw = False
12.1110 	EXP 	attention_cross: autoDraw = True
14.1643 	EXP 	attention_cross: autoDraw = False
14.1643 	EXP 	motor_cue: image = '../stims/right_foot.png'
14.1643 	EXP 	motor_cue: autoDraw = True
15.3673 	EXP 	motor_cue: autoDraw = False
15.3673 	EXP 	attempt: autoDraw = True
19.1099 	EXP 	attempt: autoDraw = False
19.1099 	EXP 	image_2: autoDraw = True
21.1155 	EXP 	New trial (rep=0, index=2): <Trial 2 (2 in rep 0) data={'img': '../stims/right_foot.png', 'event_label': 'RIGHT_MI_STIM', 'thisN': 2, 'thisTrialN': 2, 'thisRepN': 0}>
21.1277 	EXP 	image_2: autoDraw = False
21.1277 	EXP 	attention_cross: autoDraw = True
23.1668 	EXP 	attention_cross: autoDraw = False
23.1668 	EXP 	motor_cue: image = '../stims/right_foot.png'
23.1668 	EXP 	motor_cue: autoDraw = True
24.3499 	EXP 	motor_cue: autoDraw = False
24.3499 	EXP 	attempt: autoDraw = True
28.1098 	EXP 	attempt: autoDraw = False
28.1098 	EXP 	image_2: autoDraw = True
30.0982 	EXP 	New trial (rep=0, index=3): <Trial 3 (3 in rep 0) data={'img': '../stims/both_feet.png', 'event_label': 'BOTH_MI_STIM', 'thisN': 3, 'thisTrialN': 3, 'thisRepN': 0}>
30.1100 	EXP 	image_2: autoDraw = False
30.1100 	EXP 	attention_cross: autoDraw = True
32.1642 	EXP 	attention_cross: autoDraw = False
32.1642 	EXP 	motor_cue: image = '../stims/both_feet.png'
32.1642 	EXP 	motor_cue: autoDraw = True
33.3662 	EXP 	motor_cue: autoDraw = False
33.3662 	EXP 	attempt: autoDraw = True
37.1146 	EXP 	attempt: autoDraw = False
37.1146 	EXP 	image_2: autoDraw = True
39.0828 	EXP 	New trial (rep=0, index=4): <Trial 4 (4 in rep 0) data={'img': '../stims/both_feet.png', 'event_label': 'BOTH_MI_STIM', 'thisN': 4, 'thisTrialN': 4, 'thisRepN': 0}>
39.0944 	EXP 	image_2: autoDraw = False
39.0944 	EXP 	attention_cross: autoDraw = True
41.1459 	EXP 	attention_cross: autoDraw = False
41.1459 	EXP 	attention_cross: autoDraw = False
41.1459 	EXP 	motor_cue: image = '../stims/both_feet.png'
41.1459 	EXP 	motor_cue: autoDraw = True
42.3670 	EXP 	motor_cue: autoDraw = False
42.3670 	EXP 	attempt: autoDraw = True
46.1262 	EXP 	attempt: autoDraw = False
46.1262 	EXP 	image_2: autoDraw = True
48.0964 	EXP 	New trial (rep=0, index=5): <Trial 5 (5 in rep 0) data={'img': '../stims/both_feet.png', 'event_label': 'BOTH_MI_STIM', 'thisN': 5, 'thisTrialN': 5, 'thisRepN': 0}>
48.1179 	EXP 	image_2: autoDraw = False
48.1179 	EXP 	attention_cross: autoDraw = True
50.1758 	EXP 	attention_cross: autoDraw = False
50.1758 	EXP 	motor_cue: image = '../stims/both_feet.png'
50.1758 	EXP 	motor_cue: autoDraw = True
51.3668 	EXP 	motor_cue: autoDraw = False
51.3668 	EXP 	attempt: autoDraw = True
55.1189 	EXP 	attempt: autoDraw = False
55.1189 	EXP 	image_2: autoDraw = True
57.0970 	EXP 	New trial (rep=0, index=6): <Trial 6 (6 in rep 0) data={'img': '../stims/left_foot.png', 'event_label': 'LEFT_MI_STIM', 'thisN': 6, 'thisTrialN': 6, 'thisRepN': 0}>
57.1084 	EXP 	image_2: autoDraw = False
57.1084 	EXP 	attention_cross: autoDraw = True
59.1486 	EXP 	attention_cross: autoDraw = False
59.1486 	EXP 	motor_cue: image = '../stims/left_foot.png'
59.1486 	EXP 	motor_cue: autoDraw = True
60.3643 	EXP 	motor_cue: autoDraw = False
60.3643 	EXP 	attempt: autoDraw = True
64.1140 	EXP 	attempt: autoDraw = False
64.1140 	EXP 	image_2: autoDraw = True
66.1006 	EXP 	New trial (rep=0, index=7): <Trial 7 (7 in rep 0) data={'img': '../stims/right_foot.png', 'event_label': 'RIGHT_MI_STIM', 'thisN': 7, 'thisTrialN': 7, 'thisRepN': 0}>
66.1129 	EXP 	image_2: autoDraw = False
66.1129 	EXP 	attention_cross: autoDraw = True
68.1504 	EXP 	attention_cross: autoDraw = False
68.1504 	EXP 	motor_cue: image = '../stims/right_foot.png'
68.1504 	EXP 	motor_cue: autoDraw = True
69.3594 	EXP 	motor_cue: autoDraw = False
69.3594 	EXP 	attempt: autoDraw = True
73.1126 	EXP 	attempt: autoDraw = False
73.1126 	EXP 	image_2: autoDraw = True
75.0991 	EXP 	New trial (rep=0, index=8): <Trial 8 (8 in rep 0) data={'img': '../stims/both_feet.png', 'event_label': 'BOTH_MI_STIM', 'thisN': 8, 'thisTrialN': 8, 'thisRepN': 0}>
75.1111 	EXP 	image_2: autoDraw = False
75.1111 	EXP 	attention_cross: autoDraw = True
77.1625 	EXP 	attention_cross: autoDraw = False
77.1625 	EXP 	motor_cue: image = '../stims/both_feet.png'
77.1625 	EXP 	motor_cue: autoDraw = True
78.3649 	EXP 	motor_cue: autoDraw = False
78.3649 	EXP 	attempt: autoDraw = True
82.1114 	EXP 	attempt: autoDraw = False
82.1114 	EXP 	image_2: autoDraw = True
84.0971 	EXP 	New trial (rep=0, index=9): <Trial 9 (9 in rep 0) data={'img': '../stims/both_feet.png', 'event_label': 'BOTH_MI_STIM', 'thisN': 9, 'thisTrialN': 9, 'thisRepN': 0}>
84.1082 	EXP 	image_2: autoDraw = False
84.1082 	EXP 	attention_cross: autoDraw = True
86.1427 	EXP 	attention_cross: autoDraw = False
86.1427 	EXP 	motor_cue: image = '../stims/both_feet.png'
86.1427 	EXP 	motor_cue: autoDraw = True
87.3629 	EXP 	motor_cue: autoDraw = False
87.3629 	EXP 	attempt: autoDraw = True
91.1128 	EXP 	attempt: autoDraw = False
91.1128 	EXP 	image_2: autoDraw = True
93.0917 	EXP 	New trial (rep=0, index=10): <Trial 10 (10 in rep 0) data={'img': '../stims/left_foot.png', 'event_label': 'LEFT_MI_STIM', 'thisN': 10, 'thisTrialN': 10, 'thisRepN': 0}>
93.1127 	EXP 	image_2: autoDraw = False
93.1127 	EXP 	attention_cross: autoDraw = True
95.1484 	EXP 	attention_cross: autoDraw = False
95.1484 	EXP 	motor_cue: image = '../stims/left_foot.png'
95.1484 	EXP 	motor_cue: autoDraw = True
96.3634 	EXP 	motor_cue: autoDraw = False
96.3634 	EXP 	attempt: autoDraw = True
100.1112 	EXP 	attempt: autoDraw = False
100.1112 	EXP 	image_2: autoDraw = True
102.0933 	EXP 	New trial (rep=0, index=11): <Trial 11 (11 in rep 0) data={'img': '../stims/left_foot.png', 'event_label': 'LEFT_MI_STIM', 'thisN': 11, 'thisTrialN': 11, 'thisRepN': 0}>
102.1039 	EXP 	image_2: autoDraw = False
102.1039 	EXP 	attention_cross: autoDraw = True
104.1496 	EXP 	attention_cross: autoDraw = False
104.1496 	EXP 	motor_cue: image = '../stims/left_foot.png'
104.1496 	EXP 	motor_cue: autoDraw = True
105.3452 	EXP 	motor_cue: autoDraw = False
105.3452 	EXP 	attempt: autoDraw = True
109.1098 	EXP 	attempt: autoDraw = False
109.1098 	EXP 	image_2: autoDraw = True
111.1060 	EXP 	New trial (rep=0, index=12): <Trial 12 (12 in rep 0) data={'img': '../stims/right_foot.png', 'event_label': 'RIGHT_MI_STIM', 'thisN': 12, 'thisTrialN': 12, 'thisRepN': 0}>
111.1282 	EXP 	image_2: autoDraw = False
111.1282 	EXP 	attention_cross: autoDraw = True
113.1470 	EXP 	attention_cross: autoDraw = False
113.1470 	EXP 	motor_cue: image = '../stims/right_foot.png'
113.1470 	EXP 	motor_cue: autoDraw = True
114.3580 	EXP 	motor_cue: autoDraw = False
114.3580 	EXP 	attempt: autoDraw = True
118.1064 	EXP 	attempt: autoDraw = False
118.1064 	EXP 	image_2: autoDraw = True
120.0942 	EXP 	New trial (rep=0, index=13): <Trial 13 (13 in rep 0) data={'img': '../stims/left_foot.png', 'event_label': 'LEFT_MI_STIM', 'thisN': 13, 'thisTrialN': 13, 'thisRepN': 0}>
120.1067 	EXP 	image_2: autoDraw = False
120.1067 	EXP 	attention_cross: autoDraw = True
122.1511 	EXP 	attention_cross: autoDraw = False
122.1511 	EXP 	motor_cue: image = '../stims/left_foot.png'
122.1511 	EXP 	motor_cue: autoDraw = True
123.3605 	EXP 	motor_cue: autoDraw = False
123.3605 	EXP 	attempt: autoDraw = True
127.1097 	EXP 	attempt: autoDraw = False
127.1097 	EXP 	image_2: autoDraw = True
129.0860 	EXP 	New trial (rep=0, index=14): <Trial 14 (14 in rep 0) data={'img': '../stims/left_foot.png', 'event_label': 'LEFT_MI_STIM', 'thisN': 14, 'thisTrialN': 14, 'thisRepN': 0}>
129.1078 	EXP 	image_2: autoDraw = False
129.1078 	EXP 	attention_cross: autoDraw = True
131.1440 	EXP 	attention_cross: autoDraw = False
131.1440 	EXP 	motor_cue: image = '../stims/left_foot.png'
131.1440 	EXP 	motor_cue: autoDraw = True
132.3593 	EXP 	motor_cue: autoDraw = False
132.3593 	EXP 	attempt: autoDraw = True
136.1057 	EXP 	attempt: autoDraw = False
136.1057 	EXP 	image_2: autoDraw = True
138.0905 	EXP 	New trial (rep=1, index=0): <Trial 15 (0 in rep 1) data={'img': '../stims/right_foot.png', 'event_label': 'RIGHT_MI_STIM', 'thisN': 15, 'thisTrialN': 0, 'thisRepN': 1}>
138.1022 	EXP 	image_2: autoDraw = False
138.1022 	EXP 	attention_cross: autoDraw = True
140.1613 	EXP 	attention_cross: autoDraw = False
140.1613 	EXP 	motor_cue: image = '../stims/right_foot.png'
140.1613 	EXP 	motor_cue: autoDraw = True
141.3558 	EXP 	motor_cue: autoDraw = False
141.3558 	EXP 	attempt: autoDraw = True
145.1087 	EXP 	attempt: autoDraw = False
145.1087 	EXP 	image_2: autoDraw = True
147.0859 	EXP 	New trial (rep=1, index=1): <Trial 16 (1 in rep 1) data={'img': '../stims/right_foot.png', 'event_label': 'RIGHT_MI_STIM', 'thisN': 16, 'thisTrialN': 1, 'thisRepN': 1}>
147.1073 	EXP 	image_2: autoDraw = False
147.1073 	EXP 	attention_cross: autoDraw = True
149.1626 	EXP 	attention_cross: autoDraw = False
149.1626 	EXP 	motor_cue: image = '../stims/right_foot.png'
149.1626 	EXP 	motor_cue: autoDraw = True
150.3742 	EXP 	motor_cue: autoDraw = False
150.3742 	EXP 	attempt: autoDraw = True
154.1077 	EXP 	attempt: autoDraw = False
154.1077 	EXP 	image_2: autoDraw = True
156.1005 	EXP 	New trial (rep=1, index=2): <Trial 17 (2 in rep 1) data={'img': '../stims/left_foot.png', 'event_label': 'LEFT_MI_STIM', 'thisN': 17, 'thisTrialN': 2, 'thisRepN': 1}>
156.1284 	EXP 	image_2: autoDraw = False
156.1284 	EXP 	attention_cross: autoDraw = True
158.1354 	EXP 	attention_cross: autoDraw = False
158.1354 	EXP 	motor_cue: image = '../stims/left_foot.png'
158.1354 	EXP 	motor_cue: autoDraw = True
159.3622 	EXP 	motor_cue: autoDraw = False
159.3622 	EXP 	attempt: autoDraw = True
163.1006 	EXP 	attempt: autoDraw = False
163.1006 	EXP 	image_2: autoDraw = True
165.0926 	EXP 	New trial (rep=1, index=3): <Trial 18 (3 in rep 1) data={'img': '../stims/both_feet.png', 'event_label': 'BOTH_MI_STIM', 'thisN': 18, 'thisTrialN': 3, 'thisRepN': 1}>
165.1056 	EXP 	image_2: autoDraw = False
165.1056 	EXP 	attention_cross: autoDraw = True
167.1602 	EXP 	attention_cross: autoDraw = False
167.1602 	EXP 	motor_cue: image = '../stims/both_feet.png'
167.1602 	EXP 	motor_cue: autoDraw = True
168.3606 	EXP 	motor_cue: autoDraw = False
168.3606 	EXP 	attempt: autoDraw = True
172.1055 	EXP 	attempt: autoDraw = False
172.1055 	EXP 	image_2: autoDraw = True
174.0957 	EXP 	New trial (rep=1, index=4): <Trial 19 (4 in rep 1) data={'img': '../stims/left_foot.png', 'event_label': 'LEFT_MI_STIM', 'thisN': 19, 'thisTrialN': 4, 'thisRepN': 1}>
174.1113 	EXP 	image_2: autoDraw = False
174.1113 	EXP 	attention_cross: autoDraw = True
176.1587 	EXP 	attention_cross: autoDraw = False
176.1587 	EXP 	motor_cue: image = '../stims/left_foot.png'
176.1587 	EXP 	motor_cue: autoDraw = True
177.3560 	EXP 	motor_cue: autoDraw = False
177.3560 	EXP 	attempt: autoDraw = True
181.1058 	EXP 	attempt: autoDraw = False
181.1058 	EXP 	image_2: autoDraw = True
183.0849 	EXP 	New trial (rep=1, index=5): <Trial 20 (5 in rep 1) data={'img': '../stims/right_foot.png', 'event_label': 'RIGHT_MI_STIM', 'thisN': 20, 'thisTrialN': 5, 'thisRepN': 1}>
183.1060 	EXP 	image_2: autoDraw = False
183.1060 	EXP 	attention_cross: autoDraw = True
185.1632 	EXP 	attention_cross: autoDraw = False
185.1632 	EXP 	motor_cue: image = '../stims/right_foot.png'
185.1632 	EXP 	motor_cue: autoDraw = True
186.3527 	EXP 	motor_cue: autoDraw = False
186.3527 	EXP 	attempt: autoDraw = True
190.1037 	EXP 	attempt: autoDraw = False
190.1037 	EXP 	image_2: autoDraw = True
192.0861 	EXP 	New trial (rep=1, index=6): <Trial 21 (6 in rep 1) data={'img': '../stims/right_foot.png', 'event_label': 'RIGHT_MI_STIM', 'thisN': 21, 'thisTrialN': 6, 'thisRepN': 1}>
192.1080 	EXP 	image_2: autoDraw = False
192.1080 	EXP 	attention_cross: autoDraw = True
194.1618 	EXP 	attention_cross: autoDraw = False
194.1618 	EXP 	motor_cue: image = '../stims/right_foot.png'
194.1618 	EXP 	motor_cue: autoDraw = True
195.3519 	EXP 	motor_cue: autoDraw = False
195.3519 	EXP 	attempt: autoDraw = True
199.1054 	EXP 	attempt: autoDraw = False
199.1054 	EXP 	image_2: autoDraw = True
201.0872 	EXP 	New trial (rep=1, index=7): <Trial 22 (7 in rep 1) data={'img': '../stims/both_feet.png', 'event_label': 'BOTH_MI_STIM', 'thisN': 22, 'thisTrialN': 7, 'thisRepN': 1}>
201.1086 	EXP 	image_2: autoDraw = False
201.1086 	EXP 	attention_cross: autoDraw = True
203.1772 	EXP 	attention_cross: autoDraw = False
203.1772 	EXP 	motor_cue: image = '../stims/both_feet.png'
203.1772 	EXP 	motor_cue: autoDraw = True
204.3601 	EXP 	motor_cue: autoDraw = False
204.3601 	EXP 	attempt: autoDraw = True
208.1060 	EXP 	attempt: autoDraw = False
208.1060 	EXP 	image_2: autoDraw = True
210.0827 	EXP 	New trial (rep=1, index=8): <Trial 23 (8 in rep 1) data={'img': '../stims/both_feet.png', 'event_label': 'BOTH_MI_STIM', 'thisN': 23, 'thisTrialN': 8, 'thisRepN': 1}>
210.1037 	EXP 	image_2: autoDraw = False
210.1037 	EXP 	attention_cross: autoDraw = True
212.1385 	EXP 	attention_cross: autoDraw = False
212.1385 	EXP 	motor_cue: image = '../stims/both_feet.png'
212.1385 	EXP 	motor_cue: autoDraw = True
213.3533 	EXP 	motor_cue: autoDraw = False
213.3533 	EXP 	attempt: autoDraw = True
217.1035 	EXP 	attempt: autoDraw = False
217.1035 	EXP 	image_2: autoDraw = True
219.1059 	EXP 	New trial (rep=1, index=9): <Trial 24 (9 in rep 1) data={'img': '../stims/both_feet.png', 'event_label': 'BOTH_MI_STIM', 'thisN': 24, 'thisTrialN': 9, 'thisRepN': 1}>
219.1200 	EXP 	image_2: autoDraw = False
219.1200 	EXP 	attention_cross: autoDraw = True
221.1433 	EXP 	attention_cross: autoDraw = False
221.1433 	EXP 	motor_cue: image = '../stims/both_feet.png'
221.1433 	EXP 	motor_cue: autoDraw = True
222.3590 	EXP 	motor_cue: autoDraw = False
222.3590 	EXP 	attempt: autoDraw = True
226.1069 	EXP 	attempt: autoDraw = False
226.1069 	EXP 	image_2: autoDraw = True
228.0844 	EXP 	New trial (rep=1, index=10): <Trial 25 (10 in rep 1) data={'img': '../stims/left_foot.png', 'event_label': 'LEFT_MI_STIM', 'thisN': 25, 'thisTrialN': 10, 'thisRepN': 1}>
228.1001 	EXP 	image_2: autoDraw = False
228.1001 	EXP 	attention_cross: autoDraw = True
230.1367 	EXP 	attention_cross: autoDraw = False
230.1367 	EXP 	motor_cue: image = '../stims/left_foot.png'
230.1367 	EXP 	motor_cue: autoDraw = True
231.3658 	EXP 	motor_cue: autoDraw = False
231.3658 	EXP 	attempt: autoDraw = True
235.1077 	EXP 	attempt: autoDraw = False
235.1077 	EXP 	image_2: autoDraw = True
237.0871 	EXP 	New trial (rep=1, index=11): <Trial 26 (11 in rep 1) data={'img': '../stims/both_feet.png', 'event_label': 'BOTH_MI_STIM', 'thisN': 26, 'thisTrialN': 11, 'thisRepN': 1}>
237.0982 	EXP 	image_2: autoDraw = False
237.0982 	EXP 	attention_cross: autoDraw = True
239.1589 	EXP 	attention_cross: autoDraw = False
239.1589 	EXP 	motor_cue: image = '../stims/both_feet.png'
239.1589 	EXP 	motor_cue: autoDraw = True
240.3534 	EXP 	motor_cue: autoDraw = False
240.3534 	EXP 	attempt: autoDraw = True
244.1406 	EXP 	attempt: autoDraw = False
244.1406 	EXP 	image_2: autoDraw = True
246.0857 	EXP 	New trial (rep=1, index=12): <Trial 27 (12 in rep 1) data={'img': '../stims/left_foot.png', 'event_label': 'LEFT_MI_STIM', 'thisN': 27, 'thisTrialN': 12, 'thisRepN': 1}>
246.0972 	EXP 	image_2: autoDraw = False
246.0972 	EXP 	attention_cross: autoDraw = True
248.1528 	EXP 	attention_cross: autoDraw = False
248.1528 	EXP 	motor_cue: image = '../stims/left_foot.png'
248.1528 	EXP 	motor_cue: autoDraw = True
249.3513 	EXP 	motor_cue: autoDraw = False
249.3513 	EXP 	attempt: autoDraw = True
253.1015 	EXP 	attempt: autoDraw = False
253.1015 	EXP 	image_2: autoDraw = True
255.0833 	EXP 	New trial (rep=1, index=13): <Trial 28 (13 in rep 1) data={'img': '../stims/right_foot.png', 'event_label': 'RIGHT_MI_STIM', 'thisN': 28, 'thisTrialN': 13, 'thisRepN': 1}>
255.1055 	EXP 	image_2: autoDraw = False
255.1055 	EXP 	attention_cross: autoDraw = True
257.1466 	EXP 	attention_cross: autoDraw = False
257.1466 	EXP 	motor_cue: image = '../stims/right_foot.png'
257.1466 	EXP 	motor_cue: autoDraw = True
258.3522 	EXP 	motor_cue: autoDraw = False
258.3522 	EXP 	attempt: autoDraw = True
262.0980 	EXP 	attempt: autoDraw = False
262.0980 	EXP 	image_2: autoDraw = True
264.0853 	EXP 	New trial (rep=1, index=14): <Trial 29 (14 in rep 1) data={'img': '../stims/left_foot.png', 'event_label': 'LEFT_MI_STIM', 'thisN': 29, 'thisTrialN': 14, 'thisRepN': 1}>
264.1082 	EXP 	image_2: autoDraw = False
264.1082 	EXP 	attention_cross: autoDraw = True
266.1604 	EXP 	attention_cross: autoDraw = False
266.1604 	EXP 	motor_cue: image = '../stims/left_foot.png'
266.1604 	EXP 	motor_cue: autoDraw = True
267.3698 	EXP 	motor_cue: autoDraw = False
267.3698 	EXP 	attempt: autoDraw = True
271.1173 	EXP 	attempt: autoDraw = False
271.1173 	EXP 	image_2: autoDraw = True
273.0991 	EXP 	image_2: autoDraw = False
273.0992 	EXP 	Graz: status = STOPPED
273.1363 	INFO 	saved data to 'C:\\Users\\User\\Documents\\GitHub\\real_time_bci\\experiment\\data\\TT000_Graz_2026-09-07_19h17.51.690.csv'
273.1372 	INFO 	saved data to C:\Users\User\Documents\GitHub\real_time_bci\experiment\data\TT000_Graz_2026-09-07_19h17.51.690.psydat
273.2826 	WARNING 	Stopping key buffers but this could be dangerous ifother keyboards rely on the same.
