15.3617 	INFO 	Loaded monitor calibration from ['2025_09_02 15:52']
15.5306 	INFO 	Using renderer 'NVIDIA GeForce GTX 1080/PCIe/SSE2' for graphics
15.5306 	INFO 	OpenGL version supported by driver is 4..
15.5469 	EXP 	Created window1 = Window(allowGUI=True, allowStencil=False, autoLog=True, backendConf=UNKNOWN, backgroundFit=<method-wrapper '__getattribute__' of attributeSetter object at 0x000001F27FEA7FD0>, backgroundImage=<method-wrapper '__getattribute__' of attributeSetter object at 0x000001F27FEA59F0>, bitsMode=UNKNOWN, blendMode='avg', bpc=(8, 8, 8), color=array([1.    , 0.9843, 0.7412]), colorSpace='rgb', depthBits=8, fullscr=False, gamma=None, gammaErrorPolicy='raise', infoMsg=UNKNOWN, lms=UNKNOWN, monitor=<psychopy.monitors.calibTools.Monitor object at 0x000001F2040B8D00>, multiSample=False, name='window1', numSamples=2, pos=[np.float64(640.0), np.float64(360.0)], screen=0, size=array([640, 360]), stencilBits=0, stereo=False, title='PsychoPy', units='height', useFBO=True, useRetina=False, viewOri=0.0, viewPos=None, viewScale=None, waitBlanking=True, winType='pyglet')
15.5470 	EXP 	window1: backgroundImage = ''
15.5470 	EXP 	window1: backgroundFit = 'none'
15.8600 	EXP 	window1: Attempting to measure frame rate of screen (0) ...
15.8600 	EXP 	window1: recordFrameIntervals = False
16.0230 	EXP 	window1: recordFrameIntervals = True
16.2064 	EXP 	Screen (0) actual frame rate measured at 60.14Hz
16.2064 	EXP 	window1: recordFrameIntervals = False
16.2723 	INFO 	keyboard.Keyboard is using ptb backend.
16.2723 	EXP 	Graz: status = STARTED
16.3625 	EXP 	Created attention_cross = ImageStim(__class__=<class 'psychopy.visual.image.ImageStim'>, anchor=('center', 'center'), autoLog=True, color=array([1., 1., 1.]), colorSpace='rgb', contrast=1.0, depth=0.0, draggable=False, flipHoriz=np.False_, flipVert=np.False_, image='stims/cross.png', interpolate=True, mask=None, maskParams=None, name='attention_cross', opacity=1, ori=0.0, pos=array([0., 0.]), size=array([0.5, 0.5]), texRes=128.0, units='height', win=Window(...))
16.3688 	EXP 	Created motor_cue = ImageStim(__class__=<class 'psychopy.visual.image.ImageStim'>, anchor=('center', 'center'), autoLog=True, color=array([1., 1., 1.]), colorSpace='rgb', contrast=1.0, depth=0.0, draggable=False, flipHoriz=np.False_, flipVert=np.False_, image='default.png', interpolate=True, mask=None, maskParams=None, name='motor_cue', opacity=1, ori=0.0, pos=array([0., 0.]), size=array([1., 1.]), texRes=128.0, units='height', win=Window(...))
16.4164 	EXP 	Created attempt = ImageStim(__class__=<class 'psychopy.visual.image.ImageStim'>, anchor=('center', 'center'), autoLog=True, color=array([1., 1., 1.]), colorSpace='rgb', contrast=1.0, depth=0.0, draggable=False, flipHoriz=np.False_, flipVert=np.False_, image='stims/cross.png', interpolate=True, mask=None, maskParams=None, name='attempt', opacity=1, ori=0.0, pos=array([0., 0.]), size=array([0.5, 0.5]), texRes=128.0, units='height', win=Window(...))
16.4643 	EXP 	Created image_2 = ImageStim(__class__=<class 'psychopy.visual.image.ImageStim'>, anchor=('center', 'center'), autoLog=True, color=array([1., 1., 1.]), colorSpace='rgb', contrast=1.0, depth=-1.0, draggable=False, flipHoriz=np.False_, flipVert=np.False_, image='stims/rest.png', interpolate=True, mask=None, maskParams=None, name='image_2', opacity=1, ori=0.0, pos=array([0., 0.]), size=array([0.5, 0.5]), texRes=128.0, units='height', win=Window(...))
0.0914 	EXP 	Imported stims_sequence.csv as conditions, 10 conditions, 2 params
0.0919 	EXP 	New trial (rep=0, index=0): <Trial 0 (0 in rep 0) data={'img': 'D:\\Documentos\\GitHub\\real_time_bci\\stims\\right_hand.png', 'event_label': 'RIGHT_MI_STIM', 'thisN': 0, 'thisTrialN': 0, 'thisRepN': 0}>
3.0938 	EXP 	attention_cross: autoDraw = True
5.1424 	EXP 	attention_cross: autoDraw = False
5.1424 	EXP 	motor_cue: image = 'D:\\Documentos\\GitHub\\real_time_bci\\stims\\right_hand.png'
5.1424 	EXP 	motor_cue: autoDraw = True
6.3587 	EXP 	motor_cue: autoDraw = False
6.3587 	EXP 	attempt: autoDraw = True
10.1090 	EXP 	attempt: autoDraw = False
10.1090 	EXP 	image_2: autoDraw = True
12.0932 	EXP 	New trial (rep=0, index=1): <Trial 1 (1 in rep 0) data={'img': 'D:\\Documentos\\GitHub\\real_time_bci\\stims\\right_hand.png', 'event_label': 'RIGHT_MI_STIM', 'thisN': 1, 'thisTrialN': 1, 'thisRepN': 0}>
12.1097 	EXP 	image_2: autoDraw = False
12.1097 	EXP 	attention_cross: autoDraw = True
14.1440 	EXP 	attention_cross: autoDraw = False
14.1440 	EXP 	motor_cue: image = 'D:\\Documentos\\GitHub\\real_time_bci\\stims\\right_hand.png'
14.1440 	EXP 	motor_cue: autoDraw = True
15.3594 	EXP 	motor_cue: autoDraw = False
15.3594 	EXP 	attempt: autoDraw = True
19.1096 	EXP 	attempt: autoDraw = False
19.1096 	EXP 	image_2: autoDraw = True
21.0929 	EXP 	New trial (rep=0, index=2): <Trial 2 (2 in rep 0) data={'img': 'D:\\Documentos\\GitHub\\real_time_bci\\stims\\right_hand.png', 'event_label': 'RIGHT_MI_STIM', 'thisN': 2, 'thisTrialN': 2, 'thisRepN': 0}>
21.1101 	EXP 	image_2: autoDraw = False
21.1101 	EXP 	attention_cross: autoDraw = True
23.1442 	EXP 	attention_cross: autoDraw = False
23.1442 	EXP 	motor_cue: image = 'D:\\Documentos\\GitHub\\real_time_bci\\stims\\right_hand.png'
23.1442 	EXP 	motor_cue: autoDraw = True
24.3595 	EXP 	motor_cue: autoDraw = False
24.3595 	EXP 	attempt: autoDraw = True
28.1103 	EXP 	attempt: autoDraw = False
28.1103 	EXP 	image_2: autoDraw = True
30.0943 	EXP 	New trial (rep=0, index=3): <Trial 3 (3 in rep 0) data={'img': 'D:\\Documentos\\GitHub\\real_time_bci\\stims\\left_hand.png', 'event_label': 'LEFT_MI_STIM', 'thisN': 3, 'thisTrialN': 3, 'thisRepN': 0}>
30.1099 	EXP 	image_2: autoDraw = False
30.1099 	EXP 	attention_cross: autoDraw = True
32.1447 	EXP 	attention_cross: autoDraw = False
32.1447 	EXP 	motor_cue: image = 'D:\\Documentos\\GitHub\\real_time_bci\\stims\\left_hand.png'
32.1447 	EXP 	motor_cue: autoDraw = True
33.3597 	EXP 	motor_cue: autoDraw = False
33.3597 	EXP 	attempt: autoDraw = True
37.1101 	EXP 	attempt: autoDraw = False
37.1101 	EXP 	image_2: autoDraw = True
39.0936 	EXP 	New trial (rep=0, index=4): <Trial 4 (4 in rep 0) data={'img': 'D:\\Documentos\\GitHub\\real_time_bci\\stims\\left_hand.png', 'event_label': 'LEFT_MI_STIM', 'thisN': 4, 'thisTrialN': 4, 'thisRepN': 0}>
39.1098 	EXP 	image_2: autoDraw = False
39.1098 	EXP 	attention_cross: autoDraw = True
41.1451 	EXP 	attention_cross: autoDraw = False
41.1451 	EXP 	motor_cue: image = 'D:\\Documentos\\GitHub\\real_time_bci\\stims\\left_hand.png'
41.1451 	EXP 	motor_cue: autoDraw = True
42.3603 	EXP 	motor_cue: autoDraw = False
42.3603 	EXP 	attempt: autoDraw = True
46.1099 	EXP 	attempt: autoDraw = False
46.1099 	EXP 	image_2: autoDraw = True
48.0934 	EXP 	New trial (rep=0, index=5): <Trial 5 (5 in rep 0) data={'img': 'D:\\Documentos\\GitHub\\real_time_bci\\stims\\left_hand.png', 'event_label': 'LEFT_MI_STIM', 'thisN': 5, 'thisTrialN': 5, 'thisRepN': 0}>
48.1099 	EXP 	image_2: autoDraw = False
48.1099 	EXP 	attention_cross: autoDraw = True
50.1448 	EXP 	attention_cross: autoDraw = False
50.1448 	EXP 	motor_cue: image = 'D:\\Documentos\\GitHub\\real_time_bci\\stims\\left_hand.png'
50.1448 	EXP 	motor_cue: autoDraw = True
51.3604 	EXP 	motor_cue: autoDraw = False
51.3604 	EXP 	attempt: autoDraw = True
55.1100 	EXP 	attempt: autoDraw = False
55.1100 	EXP 	image_2: autoDraw = True
57.0938 	EXP 	New trial (rep=0, index=6): <Trial 6 (6 in rep 0) data={'img': 'D:\\Documentos\\GitHub\\real_time_bci\\stims\\right_hand.png', 'event_label': 'RIGHT_MI_STIM', 'thisN': 6, 'thisTrialN': 6, 'thisRepN': 0}>
57.1103 	EXP 	image_2: autoDraw = False
57.1103 	EXP 	attention_cross: autoDraw = True
59.1450 	EXP 	attention_cross: autoDraw = False
59.1450 	EXP 	motor_cue: image = 'D:\\Documentos\\GitHub\\real_time_bci\\stims\\right_hand.png'
59.1450 	EXP 	motor_cue: autoDraw = True
60.3603 	EXP 	motor_cue: autoDraw = False
60.3603 	EXP 	attempt: autoDraw = True
64.1102 	EXP 	attempt: autoDraw = False
64.1102 	EXP 	image_2: autoDraw = True
66.0939 	EXP 	New trial (rep=0, index=7): <Trial 7 (7 in rep 0) data={'img': 'D:\\Documentos\\GitHub\\real_time_bci\\stims\\left_hand.png', 'event_label': 'LEFT_MI_STIM', 'thisN': 7, 'thisTrialN': 7, 'thisRepN': 0}>
66.1107 	EXP 	image_2: autoDraw = False
66.1107 	EXP 	attention_cross: autoDraw = True
68.1454 	EXP 	attention_cross: autoDraw = False
68.1454 	EXP 	motor_cue: image = 'D:\\Documentos\\GitHub\\real_time_bci\\stims\\left_hand.png'
68.1454 	EXP 	motor_cue: autoDraw = True
69.3605 	EXP 	motor_cue: autoDraw = False
69.3605 	EXP 	attempt: autoDraw = True
73.1104 	EXP 	attempt: autoDraw = False
73.1104 	EXP 	image_2: autoDraw = True
75.0940 	EXP 	New trial (rep=0, index=8): <Trial 8 (8 in rep 0) data={'img': 'D:\\Documentos\\GitHub\\real_time_bci\\stims\\left_hand.png', 'event_label': 'LEFT_MI_STIM', 'thisN': 8, 'thisTrialN': 8, 'thisRepN': 0}>
75.1105 	EXP 	image_2: autoDraw = False
75.1105 	EXP 	attention_cross: autoDraw = True
77.1454 	EXP 	attention_cross: autoDraw = False
77.1454 	EXP 	motor_cue: image = 'D:\\Documentos\\GitHub\\real_time_bci\\stims\\left_hand.png'
77.1454 	EXP 	motor_cue: autoDraw = True
78.3608 	EXP 	motor_cue: autoDraw = False
78.3608 	EXP 	attempt: autoDraw = True
82.1108 	EXP 	attempt: autoDraw = False
82.1108 	EXP 	image_2: autoDraw = True
84.0941 	EXP 	New trial (rep=0, index=9): <Trial 9 (9 in rep 0) data={'img': 'D:\\Documentos\\GitHub\\real_time_bci\\stims\\right_hand.png', 'event_label': 'RIGHT_MI_STIM', 'thisN': 9, 'thisTrialN': 9, 'thisRepN': 0}>
84.1106 	EXP 	image_2: autoDraw = False
84.1106 	EXP 	attention_cross: autoDraw = True
86.1455 	EXP 	attention_cross: autoDraw = False
86.1455 	EXP 	motor_cue: image = 'D:\\Documentos\\GitHub\\real_time_bci\\stims\\right_hand.png'
86.1455 	EXP 	motor_cue: autoDraw = True
87.3607 	EXP 	motor_cue: autoDraw = False
87.3607 	EXP 	attempt: autoDraw = True
91.1112 	EXP 	attempt: autoDraw = False
91.1112 	EXP 	image_2: autoDraw = True
93.0943 	EXP 	New trial (rep=1, index=0): <Trial 10 (0 in rep 1) data={'img': 'D:\\Documentos\\GitHub\\real_time_bci\\stims\\left_hand.png', 'event_label': 'LEFT_MI_STIM', 'thisN': 10, 'thisTrialN': 0, 'thisRepN': 1}>
93.1109 	EXP 	image_2: autoDraw = False
93.1109 	EXP 	attention_cross: autoDraw = True
95.1462 	EXP 	attention_cross: autoDraw = False
95.1462 	EXP 	motor_cue: image = 'D:\\Documentos\\GitHub\\real_time_bci\\stims\\left_hand.png'
95.1462 	EXP 	motor_cue: autoDraw = True
96.3609 	EXP 	motor_cue: autoDraw = False
96.3609 	EXP 	attempt: autoDraw = True
100.1116 	EXP 	attempt: autoDraw = False
100.1116 	EXP 	image_2: autoDraw = True
102.0959 	EXP 	New trial (rep=1, index=1): <Trial 11 (1 in rep 1) data={'img': 'D:\\Documentos\\GitHub\\real_time_bci\\stims\\left_hand.png', 'event_label': 'LEFT_MI_STIM', 'thisN': 11, 'thisTrialN': 1, 'thisRepN': 1}>
102.1113 	EXP 	image_2: autoDraw = False
102.1113 	EXP 	attention_cross: autoDraw = True
104.1461 	EXP 	attention_cross: autoDraw = False
104.1461 	EXP 	motor_cue: image = 'D:\\Documentos\\GitHub\\real_time_bci\\stims\\left_hand.png'
104.1461 	EXP 	motor_cue: autoDraw = True
105.3612 	EXP 	motor_cue: autoDraw = False
105.3612 	EXP 	attempt: autoDraw = True
109.1115 	EXP 	attempt: autoDraw = False
109.1115 	EXP 	image_2: autoDraw = True
111.0947 	EXP 	New trial (rep=1, index=2): <Trial 12 (2 in rep 1) data={'img': 'D:\\Documentos\\GitHub\\real_time_bci\\stims\\right_hand.png', 'event_label': 'RIGHT_MI_STIM', 'thisN': 12, 'thisTrialN': 2, 'thisRepN': 1}>
111.1116 	EXP 	image_2: autoDraw = False
111.1116 	EXP 	attention_cross: autoDraw = True
113.1460 	EXP 	attention_cross: autoDraw = False
113.1460 	EXP 	motor_cue: image = 'D:\\Documentos\\GitHub\\real_time_bci\\stims\\right_hand.png'
113.1460 	EXP 	motor_cue: autoDraw = True
114.3612 	EXP 	motor_cue: autoDraw = False
114.3612 	EXP 	attempt: autoDraw = True
118.1113 	EXP 	attempt: autoDraw = False
118.1113 	EXP 	image_2: autoDraw = True
120.0950 	EXP 	New trial (rep=1, index=3): <Trial 13 (3 in rep 1) data={'img': 'D:\\Documentos\\GitHub\\real_time_bci\\stims\\right_hand.png', 'event_label': 'RIGHT_MI_STIM', 'thisN': 13, 'thisTrialN': 3, 'thisRepN': 1}>
120.1113 	EXP 	image_2: autoDraw = False
120.1113 	EXP 	attention_cross: autoDraw = True
122.1462 	EXP 	attention_cross: autoDraw = False
122.1462 	EXP 	motor_cue: image = 'D:\\Documentos\\GitHub\\real_time_bci\\stims\\right_hand.png'
122.1462 	EXP 	motor_cue: autoDraw = True
123.3613 	EXP 	motor_cue: autoDraw = False
123.3613 	EXP 	attempt: autoDraw = True
127.1115 	EXP 	attempt: autoDraw = False
127.1115 	EXP 	image_2: autoDraw = True
129.0954 	EXP 	New trial (rep=1, index=4): <Trial 14 (4 in rep 1) data={'img': 'D:\\Documentos\\GitHub\\real_time_bci\\stims\\left_hand.png', 'event_label': 'LEFT_MI_STIM', 'thisN': 14, 'thisTrialN': 4, 'thisRepN': 1}>
129.1116 	EXP 	image_2: autoDraw = False
129.1116 	EXP 	attention_cross: autoDraw = True
131.1463 	EXP 	attention_cross: autoDraw = False
131.1463 	EXP 	motor_cue: image = 'D:\\Documentos\\GitHub\\real_time_bci\\stims\\left_hand.png'
131.1463 	EXP 	motor_cue: autoDraw = True
132.3618 	EXP 	motor_cue: autoDraw = False
132.3618 	EXP 	attempt: autoDraw = True
136.1121 	EXP 	attempt: autoDraw = False
136.1121 	EXP 	image_2: autoDraw = True
138.0958 	EXP 	New trial (rep=1, index=5): <Trial 15 (5 in rep 1) data={'img': 'D:\\Documentos\\GitHub\\real_time_bci\\stims\\left_hand.png', 'event_label': 'LEFT_MI_STIM', 'thisN': 15, 'thisTrialN': 5, 'thisRepN': 1}>
138.1121 	EXP 	image_2: autoDraw = False
138.1121 	EXP 	attention_cross: autoDraw = True
140.1464 	EXP 	attention_cross: autoDraw = False
140.1464 	EXP 	motor_cue: image = 'D:\\Documentos\\GitHub\\real_time_bci\\stims\\left_hand.png'
140.1464 	EXP 	motor_cue: autoDraw = True
141.3619 	EXP 	motor_cue: autoDraw = False
141.3619 	EXP 	attempt: autoDraw = True
145.1122 	EXP 	attempt: autoDraw = False
145.1122 	EXP 	image_2: autoDraw = True
147.0957 	EXP 	New trial (rep=1, index=6): <Trial 16 (6 in rep 1) data={'img': 'D:\\Documentos\\GitHub\\real_time_bci\\stims\\left_hand.png', 'event_label': 'LEFT_MI_STIM', 'thisN': 16, 'thisTrialN': 6, 'thisRepN': 1}>
147.1124 	EXP 	image_2: autoDraw = False
147.1124 	EXP 	attention_cross: autoDraw = True
149.1473 	EXP 	attention_cross: autoDraw = False
149.1473 	EXP 	motor_cue: image = 'D:\\Documentos\\GitHub\\real_time_bci\\stims\\left_hand.png'
149.1473 	EXP 	motor_cue: autoDraw = True
150.3619 	EXP 	motor_cue: autoDraw = False
150.3619 	EXP 	attempt: autoDraw = True
154.1121 	EXP 	attempt: autoDraw = False
154.1121 	EXP 	image_2: autoDraw = True
156.0955 	EXP 	New trial (rep=1, index=7): <Trial 17 (7 in rep 1) data={'img': 'D:\\Documentos\\GitHub\\real_time_bci\\stims\\right_hand.png', 'event_label': 'RIGHT_MI_STIM', 'thisN': 17, 'thisTrialN': 7, 'thisRepN': 1}>
156.1120 	EXP 	image_2: autoDraw = False
156.1120 	EXP 	attention_cross: autoDraw = True
158.1476 	EXP 	attention_cross: autoDraw = False
158.1476 	EXP 	motor_cue: image = 'D:\\Documentos\\GitHub\\real_time_bci\\stims\\right_hand.png'
158.1476 	EXP 	motor_cue: autoDraw = True
159.3621 	EXP 	motor_cue: autoDraw = False
159.3621 	EXP 	attempt: autoDraw = True
163.1117 	EXP 	attempt: autoDraw = False
163.1117 	EXP 	image_2: autoDraw = True
165.0957 	EXP 	New trial (rep=1, index=8): <Trial 18 (8 in rep 1) data={'img': 'D:\\Documentos\\GitHub\\real_time_bci\\stims\\right_hand.png', 'event_label': 'RIGHT_MI_STIM', 'thisN': 18, 'thisTrialN': 8, 'thisRepN': 1}>
165.1123 	EXP 	image_2: autoDraw = False
165.1123 	EXP 	attention_cross: autoDraw = True
167.1471 	EXP 	attention_cross: autoDraw = False
167.1471 	EXP 	motor_cue: image = 'D:\\Documentos\\GitHub\\real_time_bci\\stims\\right_hand.png'
167.1471 	EXP 	motor_cue: autoDraw = True
168.3623 	EXP 	motor_cue: autoDraw = False
168.3623 	EXP 	attempt: autoDraw = True
172.1129 	EXP 	attempt: autoDraw = False
172.1129 	EXP 	image_2: autoDraw = True
174.0959 	EXP 	New trial (rep=1, index=9): <Trial 19 (9 in rep 1) data={'img': 'D:\\Documentos\\GitHub\\real_time_bci\\stims\\right_hand.png', 'event_label': 'RIGHT_MI_STIM', 'thisN': 19, 'thisTrialN': 9, 'thisRepN': 1}>
174.1124 	EXP 	image_2: autoDraw = False
174.1124 	EXP 	attention_cross: autoDraw = True
176.1472 	EXP 	attention_cross: autoDraw = False
176.1472 	EXP 	motor_cue: image = 'D:\\Documentos\\GitHub\\real_time_bci\\stims\\right_hand.png'
176.1472 	EXP 	motor_cue: autoDraw = True
177.3625 	EXP 	motor_cue: autoDraw = False
177.3625 	EXP 	attempt: autoDraw = True
181.1125 	EXP 	attempt: autoDraw = False
181.1125 	EXP 	image_2: autoDraw = True
183.1125 	EXP 	image_2: autoDraw = False
183.1126 	EXP 	Graz: status = STOPPED
183.1444 	INFO 	saved data to 'D:\\Documentos\\GitHub\\real_time_bci\\data\\234990_Graz_2026-06-22_16h16.18.398.csv'
183.1456 	INFO 	saved data to D:\Documentos\GitHub\real_time_bci\data\234990_Graz_2026-06-22_16h16.18.398.psydat
