7.6220 	INFO 	Loaded monitor calibration from ['2025_09_02 15:52']
7.7749 	INFO 	Using renderer 'NVIDIA GeForce GTX 1080/PCIe/SSE2' for graphics
7.7749 	INFO 	OpenGL version supported by driver is 4..
7.7902 	EXP 	Created window1 = Window(allowGUI=True, allowStencil=False, autoLog=True, backendConf=UNKNOWN, backgroundFit=<method-wrapper '__getattribute__' of attributeSetter object at 0x00000201EA6D7FD0>, backgroundImage=<method-wrapper '__getattribute__' of attributeSetter object at 0x00000201EA6D59F0>, bitsMode=UNKNOWN, blendMode='avg', bpc=(8, 8, 8), color=array([1.    , 0.9843, 0.7412]), colorSpace='rgb', depthBits=8, fullscr=False, gamma=None, gammaErrorPolicy='raise', infoMsg=UNKNOWN, lms=UNKNOWN, monitor=<psychopy.monitors.calibTools.Monitor object at 0x00000201E9C78D00>, multiSample=False, name='window1', numSamples=2, pos=[np.float64(640.0), np.float64(360.0)], screen=0, size=array([640, 360]), stencilBits=0, stereo=False, title='PsychoPy', units='height', useFBO=True, useRetina=False, viewOri=0.0, viewPos=None, viewScale=None, waitBlanking=True, winType='pyglet')
7.7903 	EXP 	window1: backgroundImage = ''
7.7903 	EXP 	window1: backgroundFit = 'none'
8.1024 	EXP 	window1: Attempting to measure frame rate of screen (0) ...
8.1024 	EXP 	window1: recordFrameIntervals = False
8.2605 	EXP 	window1: recordFrameIntervals = True
8.4438 	EXP 	Screen (0) actual frame rate measured at 60.01Hz
8.4439 	EXP 	window1: recordFrameIntervals = False
8.5088 	INFO 	keyboard.Keyboard is using ptb backend.
8.5088 	EXP 	Graz: status = STARTED
8.5879 	EXP 	Created attention_cross = ImageStim(__class__=<class 'psychopy.visual.image.ImageStim'>, anchor=('center', 'center'), autoLog=True, color=array([1., 1., 1.]), colorSpace='rgb', contrast=1.0, depth=0.0, draggable=False, flipHoriz=np.False_, flipVert=np.False_, image='stims/cross.png', interpolate=True, mask=None, maskParams=None, name='attention_cross', opacity=1, ori=0.0, pos=array([0., 0.]), size=array([0.5, 0.5]), texRes=128.0, units='height', win=Window(...))
8.5942 	EXP 	Created motor_cue = ImageStim(__class__=<class 'psychopy.visual.image.ImageStim'>, anchor=('center', 'center'), autoLog=True, color=array([1., 1., 1.]), colorSpace='rgb', contrast=1.0, depth=0.0, draggable=False, flipHoriz=np.False_, flipVert=np.False_, image='default.png', interpolate=True, mask=None, maskParams=None, name='motor_cue', opacity=1, ori=0.0, pos=array([0., 0.]), size=array([1., 1.]), texRes=128.0, units='height', win=Window(...))
8.6362 	EXP 	Created attempt = ImageStim(__class__=<class 'psychopy.visual.image.ImageStim'>, anchor=('center', 'center'), autoLog=True, color=array([1., 1., 1.]), colorSpace='rgb', contrast=1.0, depth=0.0, draggable=False, flipHoriz=np.False_, flipVert=np.False_, image='stims/cross.png', interpolate=True, mask=None, maskParams=None, name='attempt', opacity=1, ori=0.0, pos=array([0., 0.]), size=array([0.5, 0.5]), texRes=128.0, units='height', win=Window(...))
8.6771 	EXP 	Created image_2 = ImageStim(__class__=<class 'psychopy.visual.image.ImageStim'>, anchor=('center', 'center'), autoLog=True, color=array([1., 1., 1.]), colorSpace='rgb', contrast=1.0, depth=-1.0, draggable=False, flipHoriz=np.False_, flipVert=np.False_, image='stims/rest.png', interpolate=True, mask=None, maskParams=None, name='image_2', opacity=1, ori=0.0, pos=array([0., 0.]), size=array([0.5, 0.5]), texRes=128.0, units='height', win=Window(...))
0.0815 	EXP 	Imported stims_sequence.csv as conditions, 10 conditions, 2 params
0.0818 	EXP 	New trial (rep=0, index=0): <Trial 0 (0 in rep 0) data={'img': 'D:\\Documentos\\GitHub\\real_time_bci\\stims\\right_hand.png', 'event_label': 'RIGHT_MI_STIM', 'thisN': 0, 'thisTrialN': 0, 'thisRepN': 0}>
2.8023 	DATA 	Mouse: Left button down, pos=(247,223)
2.9009 	DATA 	Mouse:  Left button up, pos=(247,223)
3.0839 	EXP 	attention_cross: autoDraw = True
5.1238 	EXP 	attention_cross: autoDraw = False
5.1238 	EXP 	attention_cross: autoDraw = False
5.1238 	EXP 	motor_cue: image = 'D:\\Documentos\\GitHub\\real_time_bci\\stims\\right_hand.png'
5.1238 	EXP 	motor_cue: autoDraw = True
6.3506 	EXP 	motor_cue: autoDraw = False
6.3506 	EXP 	attempt: autoDraw = True
10.1005 	EXP 	attempt: autoDraw = False
10.1005 	EXP 	image_2: autoDraw = True
12.0841 	EXP 	New trial (rep=0, index=1): <Trial 1 (1 in rep 0) data={'img': 'D:\\Documentos\\GitHub\\real_time_bci\\stims\\left_hand.png', 'event_label': 'LEFT_MI_STIM', 'thisN': 1, 'thisTrialN': 1, 'thisRepN': 0}>
12.1006 	EXP 	image_2: autoDraw = False
12.1006 	EXP 	attention_cross: autoDraw = True
14.1352 	EXP 	attention_cross: autoDraw = False
14.1352 	EXP 	motor_cue: image = 'D:\\Documentos\\GitHub\\real_time_bci\\stims\\left_hand.png'
14.1352 	EXP 	motor_cue: autoDraw = True
15.3508 	EXP 	motor_cue: autoDraw = False
15.3508 	EXP 	attempt: autoDraw = True
19.1009 	EXP 	attempt: autoDraw = False
19.1009 	EXP 	image_2: autoDraw = True
21.0844 	EXP 	New trial (rep=0, index=2): <Trial 2 (2 in rep 0) data={'img': 'D:\\Documentos\\GitHub\\real_time_bci\\stims\\right_hand.png', 'event_label': 'RIGHT_MI_STIM', 'thisN': 2, 'thisTrialN': 2, 'thisRepN': 0}>
21.1008 	EXP 	image_2: autoDraw = False
21.1008 	EXP 	attention_cross: autoDraw = True
23.1354 	EXP 	attention_cross: autoDraw = False
23.1354 	EXP 	motor_cue: image = 'D:\\Documentos\\GitHub\\real_time_bci\\stims\\right_hand.png'
23.1354 	EXP 	motor_cue: autoDraw = True
24.3509 	EXP 	motor_cue: autoDraw = False
24.3509 	EXP 	attempt: autoDraw = True
28.1010 	EXP 	attempt: autoDraw = False
28.1010 	EXP 	image_2: autoDraw = True
30.0846 	EXP 	New trial (rep=0, index=3): <Trial 3 (3 in rep 0) data={'img': 'D:\\Documentos\\GitHub\\real_time_bci\\stims\\left_hand.png', 'event_label': 'LEFT_MI_STIM', 'thisN': 3, 'thisTrialN': 3, 'thisRepN': 0}>
30.1011 	EXP 	image_2: autoDraw = False
30.1011 	EXP 	attention_cross: autoDraw = True
32.1360 	EXP 	attention_cross: autoDraw = False
32.1360 	EXP 	motor_cue: image = 'D:\\Documentos\\GitHub\\real_time_bci\\stims\\left_hand.png'
32.1360 	EXP 	motor_cue: autoDraw = True
33.3511 	EXP 	motor_cue: autoDraw = False
33.3511 	EXP 	attempt: autoDraw = True
37.1012 	EXP 	attempt: autoDraw = False
37.1012 	EXP 	image_2: autoDraw = True
39.0847 	EXP 	New trial (rep=0, index=4): <Trial 4 (4 in rep 0) data={'img': 'D:\\Documentos\\GitHub\\real_time_bci\\stims\\right_hand.png', 'event_label': 'RIGHT_MI_STIM', 'thisN': 4, 'thisTrialN': 4, 'thisRepN': 0}>
39.1013 	EXP 	image_2: autoDraw = False
39.1013 	EXP 	attention_cross: autoDraw = True
41.1357 	EXP 	attention_cross: autoDraw = False
41.1357 	EXP 	motor_cue: image = 'D:\\Documentos\\GitHub\\real_time_bci\\stims\\right_hand.png'
41.1357 	EXP 	motor_cue: autoDraw = True
42.3513 	EXP 	motor_cue: autoDraw = False
42.3513 	EXP 	attempt: autoDraw = True
46.1014 	EXP 	attempt: autoDraw = False
46.1014 	EXP 	image_2: autoDraw = True
48.0849 	EXP 	New trial (rep=0, index=5): <Trial 5 (5 in rep 0) data={'img': 'D:\\Documentos\\GitHub\\real_time_bci\\stims\\left_hand.png', 'event_label': 'LEFT_MI_STIM', 'thisN': 5, 'thisTrialN': 5, 'thisRepN': 0}>
48.1014 	EXP 	image_2: autoDraw = False
48.1014 	EXP 	attention_cross: autoDraw = True
50.1359 	EXP 	attention_cross: autoDraw = False
50.1359 	EXP 	motor_cue: image = 'D:\\Documentos\\GitHub\\real_time_bci\\stims\\left_hand.png'
50.1359 	EXP 	motor_cue: autoDraw = True
51.3515 	EXP 	motor_cue: autoDraw = False
51.3515 	EXP 	attempt: autoDraw = True
55.1015 	EXP 	attempt: autoDraw = False
55.1015 	EXP 	image_2: autoDraw = True
57.0850 	EXP 	New trial (rep=0, index=6): <Trial 6 (6 in rep 0) data={'img': 'D:\\Documentos\\GitHub\\real_time_bci\\stims\\left_hand.png', 'event_label': 'LEFT_MI_STIM', 'thisN': 6, 'thisTrialN': 6, 'thisRepN': 0}>
57.1016 	EXP 	image_2: autoDraw = False
57.1016 	EXP 	attention_cross: autoDraw = True
59.1361 	EXP 	attention_cross: autoDraw = False
59.1361 	EXP 	motor_cue: image = 'D:\\Documentos\\GitHub\\real_time_bci\\stims\\left_hand.png'
59.1361 	EXP 	motor_cue: autoDraw = True
60.3516 	EXP 	motor_cue: autoDraw = False
60.3516 	EXP 	attempt: autoDraw = True
64.1017 	EXP 	attempt: autoDraw = False
64.1017 	EXP 	image_2: autoDraw = True
66.0852 	EXP 	New trial (rep=0, index=7): <Trial 7 (7 in rep 0) data={'img': 'D:\\Documentos\\GitHub\\real_time_bci\\stims\\left_hand.png', 'event_label': 'LEFT_MI_STIM', 'thisN': 7, 'thisTrialN': 7, 'thisRepN': 0}>
66.1018 	EXP 	image_2: autoDraw = False
66.1018 	EXP 	attention_cross: autoDraw = True
68.1362 	EXP 	attention_cross: autoDraw = False
68.1362 	EXP 	motor_cue: image = 'D:\\Documentos\\GitHub\\real_time_bci\\stims\\left_hand.png'
68.1362 	EXP 	motor_cue: autoDraw = True
69.3518 	EXP 	motor_cue: autoDraw = False
69.3518 	EXP 	attempt: autoDraw = True
73.1019 	EXP 	attempt: autoDraw = False
73.1019 	EXP 	image_2: autoDraw = True
75.0854 	EXP 	New trial (rep=0, index=8): <Trial 8 (8 in rep 0) data={'img': 'D:\\Documentos\\GitHub\\real_time_bci\\stims\\right_hand.png', 'event_label': 'RIGHT_MI_STIM', 'thisN': 8, 'thisTrialN': 8, 'thisRepN': 0}>
75.1019 	EXP 	image_2: autoDraw = False
75.1019 	EXP 	attention_cross: autoDraw = True
77.1364 	EXP 	attention_cross: autoDraw = False
77.1364 	EXP 	motor_cue: image = 'D:\\Documentos\\GitHub\\real_time_bci\\stims\\right_hand.png'
77.1364 	EXP 	motor_cue: autoDraw = True
78.3520 	EXP 	motor_cue: autoDraw = False
78.3520 	EXP 	attempt: autoDraw = True
82.1027 	EXP 	attempt: autoDraw = False
82.1027 	EXP 	image_2: autoDraw = True
84.0855 	EXP 	New trial (rep=0, index=9): <Trial 9 (9 in rep 0) data={'img': 'D:\\Documentos\\GitHub\\real_time_bci\\stims\\right_hand.png', 'event_label': 'RIGHT_MI_STIM', 'thisN': 9, 'thisTrialN': 9, 'thisRepN': 0}>
84.1021 	EXP 	image_2: autoDraw = False
84.1021 	EXP 	attention_cross: autoDraw = True
86.1532 	EXP 	attention_cross: autoDraw = False
86.1532 	EXP 	motor_cue: image = 'D:\\Documentos\\GitHub\\real_time_bci\\stims\\right_hand.png'
86.1532 	EXP 	motor_cue: autoDraw = True
87.3521 	EXP 	motor_cue: autoDraw = False
87.3521 	EXP 	attempt: autoDraw = True
91.1023 	EXP 	attempt: autoDraw = False
91.1023 	EXP 	image_2: autoDraw = True
93.0858 	EXP 	New trial (rep=1, index=0): <Trial 10 (0 in rep 1) data={'img': 'D:\\Documentos\\GitHub\\real_time_bci\\stims\\left_hand.png', 'event_label': 'LEFT_MI_STIM', 'thisN': 10, 'thisTrialN': 0, 'thisRepN': 1}>
93.1024 	EXP 	image_2: autoDraw = False
93.1024 	EXP 	attention_cross: autoDraw = True
95.1369 	EXP 	attention_cross: autoDraw = False
95.1369 	EXP 	motor_cue: image = 'D:\\Documentos\\GitHub\\real_time_bci\\stims\\left_hand.png'
95.1369 	EXP 	motor_cue: autoDraw = True
96.3523 	EXP 	motor_cue: autoDraw = False
96.3523 	EXP 	attempt: autoDraw = True
100.1024 	EXP 	attempt: autoDraw = False
100.1024 	EXP 	image_2: autoDraw = True
102.0859 	EXP 	New trial (rep=1, index=1): <Trial 11 (1 in rep 1) data={'img': 'D:\\Documentos\\GitHub\\real_time_bci\\stims\\right_hand.png', 'event_label': 'RIGHT_MI_STIM', 'thisN': 11, 'thisTrialN': 1, 'thisRepN': 1}>
102.1024 	EXP 	image_2: autoDraw = False
102.1024 	EXP 	attention_cross: autoDraw = True
104.1370 	EXP 	attention_cross: autoDraw = False
104.1370 	EXP 	motor_cue: image = 'D:\\Documentos\\GitHub\\real_time_bci\\stims\\right_hand.png'
104.1370 	EXP 	motor_cue: autoDraw = True
105.3526 	EXP 	motor_cue: autoDraw = False
105.3526 	EXP 	attempt: autoDraw = True
109.1026 	EXP 	attempt: autoDraw = False
109.1026 	EXP 	image_2: autoDraw = True
111.0861 	EXP 	New trial (rep=1, index=2): <Trial 12 (2 in rep 1) data={'img': 'D:\\Documentos\\GitHub\\real_time_bci\\stims\\right_hand.png', 'event_label': 'RIGHT_MI_STIM', 'thisN': 12, 'thisTrialN': 2, 'thisRepN': 1}>
111.1026 	EXP 	image_2: autoDraw = False
111.1026 	EXP 	attention_cross: autoDraw = True
113.1378 	EXP 	attention_cross: autoDraw = False
113.1378 	EXP 	motor_cue: image = 'D:\\Documentos\\GitHub\\real_time_bci\\stims\\right_hand.png'
113.1378 	EXP 	motor_cue: autoDraw = True
114.3527 	EXP 	motor_cue: autoDraw = False
114.3527 	EXP 	attempt: autoDraw = True
118.1027 	EXP 	attempt: autoDraw = False
118.1027 	EXP 	image_2: autoDraw = True
120.0863 	EXP 	New trial (rep=1, index=3): <Trial 13 (3 in rep 1) data={'img': 'D:\\Documentos\\GitHub\\real_time_bci\\stims\\right_hand.png', 'event_label': 'RIGHT_MI_STIM', 'thisN': 13, 'thisTrialN': 3, 'thisRepN': 1}>
120.1028 	EXP 	image_2: autoDraw = False
120.1028 	EXP 	attention_cross: autoDraw = True
122.1373 	EXP 	attention_cross: autoDraw = False
122.1373 	EXP 	motor_cue: image = 'D:\\Documentos\\GitHub\\real_time_bci\\stims\\right_hand.png'
122.1373 	EXP 	motor_cue: autoDraw = True
123.3529 	EXP 	motor_cue: autoDraw = False
123.3529 	EXP 	attempt: autoDraw = True
127.1030 	EXP 	attempt: autoDraw = False
127.1030 	EXP 	image_2: autoDraw = True
129.0864 	EXP 	New trial (rep=1, index=4): <Trial 14 (4 in rep 1) data={'img': 'D:\\Documentos\\GitHub\\real_time_bci\\stims\\right_hand.png', 'event_label': 'RIGHT_MI_STIM', 'thisN': 14, 'thisTrialN': 4, 'thisRepN': 1}>
129.1030 	EXP 	image_2: autoDraw = False
129.1030 	EXP 	attention_cross: autoDraw = True
131.1375 	EXP 	attention_cross: autoDraw = False
131.1375 	EXP 	motor_cue: image = 'D:\\Documentos\\GitHub\\real_time_bci\\stims\\right_hand.png'
131.1375 	EXP 	motor_cue: autoDraw = True
132.3530 	EXP 	motor_cue: autoDraw = False
132.3530 	EXP 	attempt: autoDraw = True
136.1031 	EXP 	attempt: autoDraw = False
136.1031 	EXP 	image_2: autoDraw = True
138.0866 	EXP 	New trial (rep=1, index=5): <Trial 15 (5 in rep 1) data={'img': 'D:\\Documentos\\GitHub\\real_time_bci\\stims\\right_hand.png', 'event_label': 'RIGHT_MI_STIM', 'thisN': 15, 'thisTrialN': 5, 'thisRepN': 1}>
138.1031 	EXP 	image_2: autoDraw = False
138.1031 	EXP 	attention_cross: autoDraw = True
140.1376 	EXP 	attention_cross: autoDraw = False
140.1376 	EXP 	motor_cue: image = 'D:\\Documentos\\GitHub\\real_time_bci\\stims\\right_hand.png'
140.1376 	EXP 	motor_cue: autoDraw = True
141.3532 	EXP 	motor_cue: autoDraw = False
141.3532 	EXP 	attempt: autoDraw = True
145.1033 	EXP 	attempt: autoDraw = False
145.1033 	EXP 	image_2: autoDraw = True
147.0868 	EXP 	New trial (rep=1, index=6): <Trial 16 (6 in rep 1) data={'img': 'D:\\Documentos\\GitHub\\real_time_bci\\stims\\left_hand.png', 'event_label': 'LEFT_MI_STIM', 'thisN': 16, 'thisTrialN': 6, 'thisRepN': 1}>
147.1033 	EXP 	image_2: autoDraw = False
147.1033 	EXP 	attention_cross: autoDraw = True
149.1381 	EXP 	attention_cross: autoDraw = False
149.1381 	EXP 	motor_cue: image = 'D:\\Documentos\\GitHub\\real_time_bci\\stims\\left_hand.png'
149.1381 	EXP 	motor_cue: autoDraw = True
150.3534 	EXP 	motor_cue: autoDraw = False
150.3534 	EXP 	attempt: autoDraw = True
154.1035 	EXP 	attempt: autoDraw = False
154.1035 	EXP 	image_2: autoDraw = True
156.0869 	EXP 	New trial (rep=1, index=7): <Trial 17 (7 in rep 1) data={'img': 'D:\\Documentos\\GitHub\\real_time_bci\\stims\\left_hand.png', 'event_label': 'LEFT_MI_STIM', 'thisN': 17, 'thisTrialN': 7, 'thisRepN': 1}>
156.1035 	EXP 	image_2: autoDraw = False
156.1035 	EXP 	attention_cross: autoDraw = True
158.1383 	EXP 	attention_cross: autoDraw = False
158.1383 	EXP 	motor_cue: image = 'D:\\Documentos\\GitHub\\real_time_bci\\stims\\left_hand.png'
158.1383 	EXP 	motor_cue: autoDraw = True
159.3536 	EXP 	motor_cue: autoDraw = False
159.3536 	EXP 	attempt: autoDraw = True
163.1036 	EXP 	attempt: autoDraw = False
163.1036 	EXP 	image_2: autoDraw = True
165.0872 	EXP 	New trial (rep=1, index=8): <Trial 18 (8 in rep 1) data={'img': 'D:\\Documentos\\GitHub\\real_time_bci\\stims\\left_hand.png', 'event_label': 'LEFT_MI_STIM', 'thisN': 18, 'thisTrialN': 8, 'thisRepN': 1}>
165.1036 	EXP 	image_2: autoDraw = False
165.1036 	EXP 	attention_cross: autoDraw = True
167.1382 	EXP 	attention_cross: autoDraw = False
167.1382 	EXP 	motor_cue: image = 'D:\\Documentos\\GitHub\\real_time_bci\\stims\\left_hand.png'
167.1382 	EXP 	motor_cue: autoDraw = True
168.3537 	EXP 	motor_cue: autoDraw = False
168.3537 	EXP 	attempt: autoDraw = True
172.1038 	EXP 	attempt: autoDraw = False
172.1038 	EXP 	image_2: autoDraw = True
174.0873 	EXP 	New trial (rep=1, index=9): <Trial 19 (9 in rep 1) data={'img': 'D:\\Documentos\\GitHub\\real_time_bci\\stims\\left_hand.png', 'event_label': 'LEFT_MI_STIM', 'thisN': 19, 'thisTrialN': 9, 'thisRepN': 1}>
174.1038 	EXP 	image_2: autoDraw = False
174.1038 	EXP 	attention_cross: autoDraw = True
176.1384 	EXP 	attention_cross: autoDraw = False
176.1384 	EXP 	motor_cue: image = 'D:\\Documentos\\GitHub\\real_time_bci\\stims\\left_hand.png'
176.1384 	EXP 	motor_cue: autoDraw = True
177.3539 	EXP 	motor_cue: autoDraw = False
177.3539 	EXP 	attempt: autoDraw = True
181.1041 	EXP 	attempt: autoDraw = False
181.1041 	EXP 	image_2: autoDraw = True
183.1039 	EXP 	image_2: autoDraw = False
183.1041 	EXP 	Graz: status = STOPPED
183.1355 	INFO 	saved data to 'D:\\Documentos\\GitHub\\real_time_bci\\data\\237949_Graz_2026-06-22_15h22.46.265.csv'
183.1365 	INFO 	saved data to D:\Documentos\GitHub\real_time_bci\data\237949_Graz_2026-06-22_15h22.46.265.psydat
183.3751 	WARNING 	Stopping key buffers but this could be dangerous ifother keyboards rely on the same.
