47.6044 	INFO 	Loaded monitor calibration from ['2025_09_02 15:52']
47.9578 	INFO 	Using renderer 'NVIDIA GeForce GTX 1080/PCIe/SSE2' for graphics
47.9579 	INFO 	OpenGL version supported by driver is 4..
48.0147 	EXP 	Created window1 = Window(allowGUI=True, allowStencil=False, autoLog=True, backendConf=UNKNOWN, backgroundFit=<method-wrapper '__getattribute__' of attributeSetter object at 0x0000018EB8F67FD0>, backgroundImage=<method-wrapper '__getattribute__' of attributeSetter object at 0x0000018EB8F659F0>, bitsMode=UNKNOWN, blendMode='avg', bpc=(8, 8, 8), color=array([1.    , 0.9843, 0.7412]), colorSpace='rgb', depthBits=8, fullscr=False, gamma=None, gammaErrorPolicy='raise', infoMsg=UNKNOWN, lms=UNKNOWN, monitor=<psychopy.monitors.calibTools.Monitor object at 0x0000018EB8504B20>, multiSample=False, name='window1', numSamples=2, pos=[np.float64(640.0), np.float64(360.0)], screen=0, size=array([640, 360]), stencilBits=0, stereo=False, title='PsychoPy', units='height', useFBO=True, useRetina=False, viewOri=0.0, viewPos=None, viewScale=None, waitBlanking=True, winType='pyglet')
48.0148 	EXP 	window1: backgroundImage = ''
48.0148 	EXP 	window1: backgroundFit = 'none'
48.3355 	EXP 	window1: Attempting to measure frame rate of screen (0) ...
48.3356 	EXP 	window1: recordFrameIntervals = False
48.4978 	EXP 	window1: recordFrameIntervals = True
48.6815 	EXP 	Screen (0) actual frame rate measured at 59.87Hz
48.6816 	EXP 	window1: recordFrameIntervals = False
48.7726 	INFO 	keyboard.Keyboard is using ptb backend.
48.7727 	EXP 	Graz: status = STARTED
48.9367 	EXP 	Created attention_cross = ImageStim(__class__=<class 'psychopy.visual.image.ImageStim'>, anchor=('center', 'center'), autoLog=True, color=array([1., 1., 1.]), colorSpace='rgb', contrast=1.0, depth=0.0, draggable=False, flipHoriz=np.False_, flipVert=np.False_, image='stims/cross.png', interpolate=True, mask=None, maskParams=None, name='attention_cross', opacity=1, ori=0.0, pos=array([0., 0.]), size=array([0.5, 0.5]), texRes=128.0, units='height', win=Window(...))
48.9431 	EXP 	Created motor_cue = ImageStim(__class__=<class 'psychopy.visual.image.ImageStim'>, anchor=('center', 'center'), autoLog=True, color=array([1., 1., 1.]), colorSpace='rgb', contrast=1.0, depth=0.0, draggable=False, flipHoriz=np.False_, flipVert=np.False_, image='default.png', interpolate=True, mask=None, maskParams=None, name='motor_cue', opacity=1, ori=0.0, pos=array([0., 0.]), size=array([1., 1.]), texRes=128.0, units='height', win=Window(...))
48.9850 	EXP 	Created attempt = ImageStim(__class__=<class 'psychopy.visual.image.ImageStim'>, anchor=('center', 'center'), autoLog=True, color=array([1., 1., 1.]), colorSpace='rgb', contrast=1.0, depth=0.0, draggable=False, flipHoriz=np.False_, flipVert=np.False_, image='stims/cross.png', interpolate=True, mask=None, maskParams=None, name='attempt', opacity=1, ori=0.0, pos=array([0., 0.]), size=array([0.5, 0.5]), texRes=128.0, units='height', win=Window(...))
49.0481 	EXP 	Created image_2 = ImageStim(__class__=<class 'psychopy.visual.image.ImageStim'>, anchor=('center', 'center'), autoLog=True, color=array([1., 1., 1.]), colorSpace='rgb', contrast=1.0, depth=-1.0, draggable=False, flipHoriz=np.False_, flipVert=np.False_, image='stims/rest.png', interpolate=True, mask=None, maskParams=None, name='image_2', opacity=1, ori=0.0, pos=array([0., 0.]), size=array([0.5, 0.5]), texRes=128.0, units='height', win=Window(...))
0.0699 	EXP 	Imported stims_sequence.csv as conditions, 10 conditions, 2 params
0.0702 	EXP 	New trial (rep=0, index=0): <Trial 0 (0 in rep 0) data={'img': 'C:\\Users\\User\\Documents\\GitHub\\real_time_bci\\stims\\right_hand.png', 'event_label': 'RIGHT_MI_STIM', 'thisN': 0, 'thisTrialN': 0, 'thisRepN': 0}>
0.2747 	EXP 	Device response: <KeyPress from None: t=0.1126690999371931, value=return, duration=None>
0.2755 	DATA 	Keypress: return
0.2826 	EXP 	Device response: <KeyPress from None: t=0.1126690999371931, value=return, duration=0.10399460000917315>
3.0665 	EXP 	attention_cross: autoDraw = True
5.0506 	ERROR 	Couldn't find image C:\Users\User\Documents\GitHub\real_time_bci\stims\right_hand.png; check path? (tried: C:\Users\User\Documents\GitHub\real_time_bci\stims\right_hand.png)
5.0910 	INFO 	saved data to D:\Documentos\GitHub\real_time_bci\data\253419_Graz_2026-06-22_14h35.14.554.psydat
5.0916 	INFO 	saved data to 'D:\\Documentos\\GitHub\\real_time_bci\\data\\253419_Graz_2026-06-22_14h35.14.554.csv'
5.0941 	WARNING 	Stopping key buffers but this could be dangerous ifother keyboards rely on the same.
