22.3342 	INFO 	Loaded monitor calibration from ['2025_09_02 15:52']
22.4841 	INFO 	Using renderer 'NVIDIA GeForce GTX 1080/PCIe/SSE2' for graphics
22.4841 	INFO 	OpenGL version supported by driver is 4..
22.4986 	EXP 	Created window1 = Window(allowGUI=True, allowStencil=False, autoLog=True, backendConf=UNKNOWN, backgroundFit=<method-wrapper '__getattribute__' of attributeSetter object at 0x000002A366BC7FD0>, backgroundImage=<method-wrapper '__getattribute__' of attributeSetter object at 0x000002A366BC59F0>, bitsMode=UNKNOWN, blendMode='avg', bpc=(8, 8, 8), color=array([1.    , 0.9843, 0.7412]), colorSpace='rgb', depthBits=8, fullscr=False, gamma=None, gammaErrorPolicy='raise', infoMsg=UNKNOWN, lms=UNKNOWN, monitor=<psychopy.monitors.calibTools.Monitor object at 0x000002A366168D00>, multiSample=False, name='window1', numSamples=2, pos=[np.float64(640.0), np.float64(360.0)], screen=0, size=array([640, 360]), stencilBits=0, stereo=False, title='PsychoPy', units='height', useFBO=True, useRetina=False, viewOri=0.0, viewPos=None, viewScale=None, waitBlanking=True, winType='pyglet')
22.4986 	EXP 	window1: backgroundImage = ''
22.4986 	EXP 	window1: backgroundFit = 'none'
22.8074 	EXP 	window1: Attempting to measure frame rate of screen (0) ...
22.8075 	EXP 	window1: recordFrameIntervals = False
22.9647 	EXP 	window1: recordFrameIntervals = True
23.1485 	EXP 	Screen (0) actual frame rate measured at 60.01Hz
23.1486 	EXP 	window1: recordFrameIntervals = False
23.2155 	INFO 	keyboard.Keyboard is using ptb backend.
23.2155 	EXP 	Graz: status = STARTED
23.2892 	EXP 	Created attention_cross = ImageStim(__class__=<class 'psychopy.visual.image.ImageStim'>, anchor=('center', 'center'), autoLog=True, color=array([1., 1., 1.]), colorSpace='rgb', contrast=1.0, depth=0.0, draggable=False, flipHoriz=np.False_, flipVert=np.False_, image='stims/cross.png', interpolate=True, mask=None, maskParams=None, name='attention_cross', opacity=1, ori=0.0, pos=array([0., 0.]), size=array([0.5, 0.5]), texRes=128.0, units='height', win=Window(...))
23.2949 	EXP 	Created motor_cue = ImageStim(__class__=<class 'psychopy.visual.image.ImageStim'>, anchor=('center', 'center'), autoLog=True, color=array([1., 1., 1.]), colorSpace='rgb', contrast=1.0, depth=0.0, draggable=False, flipHoriz=np.False_, flipVert=np.False_, image='default.png', interpolate=True, mask=None, maskParams=None, name='motor_cue', opacity=1, ori=0.0, pos=array([0., 0.]), size=array([1., 1.]), texRes=128.0, units='height', win=Window(...))
23.3400 	EXP 	Created attempt = ImageStim(__class__=<class 'psychopy.visual.image.ImageStim'>, anchor=('center', 'center'), autoLog=True, color=array([1., 1., 1.]), colorSpace='rgb', contrast=1.0, depth=0.0, draggable=False, flipHoriz=np.False_, flipVert=np.False_, image='stims/cross.png', interpolate=True, mask=None, maskParams=None, name='attempt', opacity=1, ori=0.0, pos=array([0., 0.]), size=array([0.5, 0.5]), texRes=128.0, units='height', win=Window(...))
23.4373 	EXP 	Created image_2 = ImageStim(__class__=<class 'psychopy.visual.image.ImageStim'>, anchor=('center', 'center'), autoLog=True, color=array([1., 1., 1.]), colorSpace='rgb', contrast=1.0, depth=-1.0, draggable=False, flipHoriz=np.False_, flipVert=np.False_, image='stims/rest.png', interpolate=True, mask=None, maskParams=None, name='image_2', opacity=1, ori=0.0, pos=array([0., 0.]), size=array([0.5, 0.5]), texRes=128.0, units='height', win=Window(...))
0.0882 	EXP 	Imported stims_sequence.csv as conditions, 10 conditions, 2 params
0.0885 	EXP 	New trial (rep=0, index=0): <Trial 0 (0 in rep 0) data={'img': 'D:\\Documentos\\GitHub\\real_time_bci\\stims\\left_hand.png', 'event_label': 'LEFT_MI_STIM', 'thisN': 0, 'thisTrialN': 0, 'thisRepN': 0}>
3.0944 	EXP 	attention_cross: autoDraw = True
5.1296 	EXP 	attention_cross: autoDraw = False
5.1296 	EXP 	attention_cross: autoDraw = False
5.1296 	EXP 	motor_cue: image = 'D:\\Documentos\\GitHub\\real_time_bci\\stims\\left_hand.png'
5.1296 	EXP 	motor_cue: autoDraw = True
6.3612 	EXP 	motor_cue: autoDraw = False
6.3612 	EXP 	attempt: autoDraw = True
10.1112 	EXP 	attempt: autoDraw = False
10.1112 	EXP 	image_2: autoDraw = True
12.0947 	EXP 	New trial (rep=0, index=1): <Trial 1 (1 in rep 0) data={'img': 'D:\\Documentos\\GitHub\\real_time_bci\\stims\\right_hand.png', 'event_label': 'RIGHT_MI_STIM', 'thisN': 1, 'thisTrialN': 1, 'thisRepN': 0}>
12.1115 	EXP 	image_2: autoDraw = False
12.1115 	EXP 	attention_cross: autoDraw = True
14.1468 	EXP 	attention_cross: autoDraw = False
14.1468 	EXP 	motor_cue: image = 'D:\\Documentos\\GitHub\\real_time_bci\\stims\\right_hand.png'
14.1468 	EXP 	motor_cue: autoDraw = True
15.3614 	EXP 	motor_cue: autoDraw = False
15.3614 	EXP 	attempt: autoDraw = True
19.1115 	EXP 	attempt: autoDraw = False
19.1115 	EXP 	image_2: autoDraw = True
21.0948 	EXP 	New trial (rep=0, index=2): <Trial 2 (2 in rep 0) data={'img': 'D:\\Documentos\\GitHub\\real_time_bci\\stims\\left_hand.png', 'event_label': 'LEFT_MI_STIM', 'thisN': 2, 'thisTrialN': 2, 'thisRepN': 0}>
21.1113 	EXP 	image_2: autoDraw = False
21.1113 	EXP 	attention_cross: autoDraw = True
23.1461 	EXP 	attention_cross: autoDraw = False
23.1461 	EXP 	motor_cue: image = 'D:\\Documentos\\GitHub\\real_time_bci\\stims\\left_hand.png'
23.1461 	EXP 	motor_cue: autoDraw = True
24.3620 	EXP 	motor_cue: autoDraw = False
24.3620 	EXP 	attempt: autoDraw = True
28.1114 	EXP 	attempt: autoDraw = False
28.1114 	EXP 	image_2: autoDraw = True
30.0951 	EXP 	New trial (rep=0, index=3): <Trial 3 (3 in rep 0) data={'img': 'D:\\Documentos\\GitHub\\real_time_bci\\stims\\left_hand.png', 'event_label': 'LEFT_MI_STIM', 'thisN': 3, 'thisTrialN': 3, 'thisRepN': 0}>
30.1115 	EXP 	image_2: autoDraw = False
30.1115 	EXP 	attention_cross: autoDraw = True
32.1471 	EXP 	attention_cross: autoDraw = False
32.1471 	EXP 	motor_cue: image = 'D:\\Documentos\\GitHub\\real_time_bci\\stims\\left_hand.png'
32.1471 	EXP 	motor_cue: autoDraw = True
33.3615 	EXP 	motor_cue: autoDraw = False
33.3615 	EXP 	attempt: autoDraw = True
37.1121 	EXP 	attempt: autoDraw = False
37.1121 	EXP 	image_2: autoDraw = True
39.0952 	EXP 	New trial (rep=0, index=4): <Trial 4 (4 in rep 0) data={'img': 'D:\\Documentos\\GitHub\\real_time_bci\\stims\\right_hand.png', 'event_label': 'RIGHT_MI_STIM', 'thisN': 4, 'thisTrialN': 4, 'thisRepN': 0}>
39.1117 	EXP 	image_2: autoDraw = False
39.1117 	EXP 	attention_cross: autoDraw = True
41.1466 	EXP 	attention_cross: autoDraw = False
41.1466 	EXP 	motor_cue: image = 'D:\\Documentos\\GitHub\\real_time_bci\\stims\\right_hand.png'
41.1466 	EXP 	motor_cue: autoDraw = True
42.3617 	EXP 	motor_cue: autoDraw = False
42.3617 	EXP 	attempt: autoDraw = True
46.1119 	EXP 	attempt: autoDraw = False
46.1119 	EXP 	image_2: autoDraw = True
48.0954 	EXP 	New trial (rep=0, index=5): <Trial 5 (5 in rep 0) data={'img': 'D:\\Documentos\\GitHub\\real_time_bci\\stims\\right_hand.png', 'event_label': 'RIGHT_MI_STIM', 'thisN': 5, 'thisTrialN': 5, 'thisRepN': 0}>
48.1122 	EXP 	image_2: autoDraw = False
48.1122 	EXP 	attention_cross: autoDraw = True
50.1473 	EXP 	attention_cross: autoDraw = False
50.1473 	EXP 	motor_cue: image = 'D:\\Documentos\\GitHub\\real_time_bci\\stims\\right_hand.png'
50.1473 	EXP 	motor_cue: autoDraw = True
51.3623 	EXP 	motor_cue: autoDraw = False
51.3623 	EXP 	attempt: autoDraw = True
55.1124 	EXP 	attempt: autoDraw = False
55.1124 	EXP 	image_2: autoDraw = True
57.0960 	EXP 	New trial (rep=0, index=6): <Trial 6 (6 in rep 0) data={'img': 'D:\\Documentos\\GitHub\\real_time_bci\\stims\\left_hand.png', 'event_label': 'LEFT_MI_STIM', 'thisN': 6, 'thisTrialN': 6, 'thisRepN': 0}>
57.1121 	EXP 	image_2: autoDraw = False
57.1121 	EXP 	attention_cross: autoDraw = True
59.1467 	EXP 	attention_cross: autoDraw = False
59.1467 	EXP 	motor_cue: image = 'D:\\Documentos\\GitHub\\real_time_bci\\stims\\left_hand.png'
59.1467 	EXP 	motor_cue: autoDraw = True
60.3616 	EXP 	motor_cue: autoDraw = False
60.3616 	EXP 	attempt: autoDraw = True
64.1122 	EXP 	attempt: autoDraw = False
64.1122 	EXP 	image_2: autoDraw = True
66.0956 	EXP 	New trial (rep=0, index=7): <Trial 7 (7 in rep 0) data={'img': 'D:\\Documentos\\GitHub\\real_time_bci\\stims\\right_hand.png', 'event_label': 'RIGHT_MI_STIM', 'thisN': 7, 'thisTrialN': 7, 'thisRepN': 0}>
66.1121 	EXP 	image_2: autoDraw = False
66.1121 	EXP 	attention_cross: autoDraw = True
68.1470 	EXP 	attention_cross: autoDraw = False
68.1470 	EXP 	motor_cue: image = 'D:\\Documentos\\GitHub\\real_time_bci\\stims\\right_hand.png'
68.1470 	EXP 	motor_cue: autoDraw = True
69.3626 	EXP 	motor_cue: autoDraw = False
69.3626 	EXP 	attempt: autoDraw = True
73.1125 	EXP 	attempt: autoDraw = False
73.1125 	EXP 	image_2: autoDraw = True
75.0958 	EXP 	New trial (rep=0, index=8): <Trial 8 (8 in rep 0) data={'img': 'D:\\Documentos\\GitHub\\real_time_bci\\stims\\right_hand.png', 'event_label': 'RIGHT_MI_STIM', 'thisN': 8, 'thisTrialN': 8, 'thisRepN': 0}>
75.1124 	EXP 	image_2: autoDraw = False
75.1124 	EXP 	attention_cross: autoDraw = True
77.1472 	EXP 	attention_cross: autoDraw = False
77.1472 	EXP 	motor_cue: image = 'D:\\Documentos\\GitHub\\real_time_bci\\stims\\right_hand.png'
77.1472 	EXP 	motor_cue: autoDraw = True
78.3624 	EXP 	motor_cue: autoDraw = False
78.3624 	EXP 	attempt: autoDraw = True
82.1126 	EXP 	attempt: autoDraw = False
82.1126 	EXP 	image_2: autoDraw = True
84.0959 	EXP 	New trial (rep=0, index=9): <Trial 9 (9 in rep 0) data={'img': 'D:\\Documentos\\GitHub\\real_time_bci\\stims\\left_hand.png', 'event_label': 'LEFT_MI_STIM', 'thisN': 9, 'thisTrialN': 9, 'thisRepN': 0}>
84.1126 	EXP 	image_2: autoDraw = False
84.1126 	EXP 	attention_cross: autoDraw = True
86.1474 	EXP 	attention_cross: autoDraw = False
86.1474 	EXP 	motor_cue: image = 'D:\\Documentos\\GitHub\\real_time_bci\\stims\\left_hand.png'
86.1474 	EXP 	motor_cue: autoDraw = True
87.3626 	EXP 	motor_cue: autoDraw = False
87.3626 	EXP 	attempt: autoDraw = True
91.1129 	EXP 	attempt: autoDraw = False
91.1129 	EXP 	image_2: autoDraw = True
93.0957 	EXP 	New trial (rep=1, index=0): <Trial 10 (0 in rep 1) data={'img': 'D:\\Documentos\\GitHub\\real_time_bci\\stims\\left_hand.png', 'event_label': 'LEFT_MI_STIM', 'thisN': 10, 'thisTrialN': 0, 'thisRepN': 1}>
93.1123 	EXP 	image_2: autoDraw = False
93.1123 	EXP 	attention_cross: autoDraw = True
95.1476 	EXP 	attention_cross: autoDraw = False
95.1476 	EXP 	motor_cue: image = 'D:\\Documentos\\GitHub\\real_time_bci\\stims\\left_hand.png'
95.1476 	EXP 	motor_cue: autoDraw = True
96.3633 	EXP 	motor_cue: autoDraw = False
96.3633 	EXP 	attempt: autoDraw = True
100.1132 	EXP 	attempt: autoDraw = False
100.1132 	EXP 	image_2: autoDraw = True
102.0963 	EXP 	New trial (rep=1, index=1): <Trial 11 (1 in rep 1) data={'img': 'D:\\Documentos\\GitHub\\real_time_bci\\stims\\left_hand.png', 'event_label': 'LEFT_MI_STIM', 'thisN': 11, 'thisTrialN': 1, 'thisRepN': 1}>
102.1129 	EXP 	image_2: autoDraw = False
102.1129 	EXP 	attention_cross: autoDraw = True
104.1476 	EXP 	attention_cross: autoDraw = False
104.1476 	EXP 	motor_cue: image = 'D:\\Documentos\\GitHub\\real_time_bci\\stims\\left_hand.png'
104.1476 	EXP 	motor_cue: autoDraw = True
105.3630 	EXP 	motor_cue: autoDraw = False
105.3630 	EXP 	attempt: autoDraw = True
109.1136 	EXP 	attempt: autoDraw = False
109.1136 	EXP 	image_2: autoDraw = True
111.0968 	EXP 	New trial (rep=1, index=2): <Trial 12 (2 in rep 1) data={'img': 'D:\\Documentos\\GitHub\\real_time_bci\\stims\\right_hand.png', 'event_label': 'RIGHT_MI_STIM', 'thisN': 12, 'thisTrialN': 2, 'thisRepN': 1}>
111.1135 	EXP 	image_2: autoDraw = False
111.1135 	EXP 	attention_cross: autoDraw = True
113.1478 	EXP 	attention_cross: autoDraw = False
113.1478 	EXP 	motor_cue: image = 'D:\\Documentos\\GitHub\\real_time_bci\\stims\\right_hand.png'
113.1478 	EXP 	motor_cue: autoDraw = True
114.3630 	EXP 	motor_cue: autoDraw = False
114.3630 	EXP 	attempt: autoDraw = True
118.1135 	EXP 	attempt: autoDraw = False
118.1135 	EXP 	image_2: autoDraw = True
120.0967 	EXP 	New trial (rep=1, index=3): <Trial 13 (3 in rep 1) data={'img': 'D:\\Documentos\\GitHub\\real_time_bci\\stims\\left_hand.png', 'event_label': 'LEFT_MI_STIM', 'thisN': 13, 'thisTrialN': 3, 'thisRepN': 1}>
120.1131 	EXP 	image_2: autoDraw = False
120.1131 	EXP 	attention_cross: autoDraw = True
122.1479 	EXP 	attention_cross: autoDraw = False
122.1479 	EXP 	motor_cue: image = 'D:\\Documentos\\GitHub\\real_time_bci\\stims\\left_hand.png'
122.1479 	EXP 	motor_cue: autoDraw = True
123.3629 	EXP 	motor_cue: autoDraw = False
123.3629 	EXP 	attempt: autoDraw = True
127.1129 	EXP 	attempt: autoDraw = False
127.1129 	EXP 	image_2: autoDraw = True
129.0971 	EXP 	New trial (rep=1, index=4): <Trial 14 (4 in rep 1) data={'img': 'D:\\Documentos\\GitHub\\real_time_bci\\stims\\right_hand.png', 'event_label': 'RIGHT_MI_STIM', 'thisN': 14, 'thisTrialN': 4, 'thisRepN': 1}>
129.1137 	EXP 	image_2: autoDraw = False
129.1137 	EXP 	attention_cross: autoDraw = True
131.1489 	EXP 	attention_cross: autoDraw = False
131.1489 	EXP 	motor_cue: image = 'D:\\Documentos\\GitHub\\real_time_bci\\stims\\right_hand.png'
131.1489 	EXP 	motor_cue: autoDraw = True
132.3637 	EXP 	motor_cue: autoDraw = False
132.3637 	EXP 	attempt: autoDraw = True
136.1135 	EXP 	attempt: autoDraw = False
136.1135 	EXP 	image_2: autoDraw = True
138.0969 	EXP 	New trial (rep=1, index=5): <Trial 15 (5 in rep 1) data={'img': 'D:\\Documentos\\GitHub\\real_time_bci\\stims\\left_hand.png', 'event_label': 'LEFT_MI_STIM', 'thisN': 15, 'thisTrialN': 5, 'thisRepN': 1}>
138.1135 	EXP 	image_2: autoDraw = False
138.1135 	EXP 	attention_cross: autoDraw = True
140.1483 	EXP 	attention_cross: autoDraw = False
140.1483 	EXP 	motor_cue: image = 'D:\\Documentos\\GitHub\\real_time_bci\\stims\\left_hand.png'
140.1483 	EXP 	motor_cue: autoDraw = True
141.3638 	EXP 	motor_cue: autoDraw = False
141.3638 	EXP 	attempt: autoDraw = True
145.1136 	EXP 	attempt: autoDraw = False
145.1136 	EXP 	image_2: autoDraw = True
147.0972 	EXP 	New trial (rep=1, index=6): <Trial 16 (6 in rep 1) data={'img': 'D:\\Documentos\\GitHub\\real_time_bci\\stims\\right_hand.png', 'event_label': 'RIGHT_MI_STIM', 'thisN': 16, 'thisTrialN': 6, 'thisRepN': 1}>
147.1136 	EXP 	image_2: autoDraw = False
147.1136 	EXP 	attention_cross: autoDraw = True
149.1484 	EXP 	attention_cross: autoDraw = False
149.1484 	EXP 	motor_cue: image = 'D:\\Documentos\\GitHub\\real_time_bci\\stims\\right_hand.png'
149.1484 	EXP 	motor_cue: autoDraw = True
150.3638 	EXP 	motor_cue: autoDraw = False
150.3638 	EXP 	attempt: autoDraw = True
154.1134 	EXP 	attempt: autoDraw = False
154.1134 	EXP 	image_2: autoDraw = True
156.0973 	EXP 	New trial (rep=1, index=7): <Trial 17 (7 in rep 1) data={'img': 'D:\\Documentos\\GitHub\\real_time_bci\\stims\\right_hand.png', 'event_label': 'RIGHT_MI_STIM', 'thisN': 17, 'thisTrialN': 7, 'thisRepN': 1}>
156.1134 	EXP 	image_2: autoDraw = False
156.1134 	EXP 	attention_cross: autoDraw = True
158.1489 	EXP 	attention_cross: autoDraw = False
158.1489 	EXP 	motor_cue: image = 'D:\\Documentos\\GitHub\\real_time_bci\\stims\\right_hand.png'
158.1489 	EXP 	motor_cue: autoDraw = True
159.3635 	EXP 	motor_cue: autoDraw = False
159.3635 	EXP 	attempt: autoDraw = True
163.1139 	EXP 	attempt: autoDraw = False
163.1139 	EXP 	image_2: autoDraw = True
165.0976 	EXP 	New trial (rep=1, index=8): <Trial 18 (8 in rep 1) data={'img': 'D:\\Documentos\\GitHub\\real_time_bci\\stims\\left_hand.png', 'event_label': 'LEFT_MI_STIM', 'thisN': 18, 'thisTrialN': 8, 'thisRepN': 1}>
165.1142 	EXP 	image_2: autoDraw = False
165.1142 	EXP 	attention_cross: autoDraw = True
167.1490 	EXP 	attention_cross: autoDraw = False
167.1490 	EXP 	motor_cue: image = 'D:\\Documentos\\GitHub\\real_time_bci\\stims\\left_hand.png'
167.1490 	EXP 	motor_cue: autoDraw = True
168.3642 	EXP 	motor_cue: autoDraw = False
168.3642 	EXP 	attempt: autoDraw = True
172.1141 	EXP 	attempt: autoDraw = False
172.1141 	EXP 	image_2: autoDraw = True
174.0978 	EXP 	New trial (rep=1, index=9): <Trial 19 (9 in rep 1) data={'img': 'D:\\Documentos\\GitHub\\real_time_bci\\stims\\right_hand.png', 'event_label': 'RIGHT_MI_STIM', 'thisN': 19, 'thisTrialN': 9, 'thisRepN': 1}>
174.1144 	EXP 	image_2: autoDraw = False
174.1144 	EXP 	attention_cross: autoDraw = True
176.1494 	EXP 	attention_cross: autoDraw = False
176.1494 	EXP 	motor_cue: image = 'D:\\Documentos\\GitHub\\real_time_bci\\stims\\right_hand.png'
176.1494 	EXP 	motor_cue: autoDraw = True
177.3642 	EXP 	motor_cue: autoDraw = False
177.3642 	EXP 	attempt: autoDraw = True
181.1144 	EXP 	attempt: autoDraw = False
181.1144 	EXP 	image_2: autoDraw = True
183.1141 	EXP 	image_2: autoDraw = False
183.1143 	EXP 	Graz: status = STOPPED
183.1450 	INFO 	saved data to 'D:\\Documentos\\GitHub\\real_time_bci\\data\\406780_Graz_2026-07-20_17h11.09.576.csv'
183.1458 	INFO 	saved data to D:\Documentos\GitHub\real_time_bci\data\406780_Graz_2026-07-20_17h11.09.576.psydat
183.3923 	WARNING 	Stopping key buffers but this could be dangerous ifother keyboards rely on the same.
