9.8133 	INFO 	Loaded monitor calibration from ['2025_08_24 15:35']
10.2030 	INFO 	Using renderer 'GeForce GT 730/PCIe/SSE2' for graphics
10.2031 	INFO 	OpenGL version supported by driver is 4..
10.2180 	EXP 	Created window1 = Window(allowGUI=True, allowStencil=False, autoLog=True, backendConf=UNKNOWN, backgroundFit=<method-wrapper '__getattribute__' of attributeSetter object at 0x000002C8E5BC5070>, backgroundImage=<method-wrapper '__getattribute__' of attributeSetter object at 0x000002C8E5C7CFD0>, bitsMode=UNKNOWN, blendMode='avg', bpc=(8, 8, 8), color=array([1.    , 0.9843, 0.7412]), colorSpace='rgb', depthBits=8, fullscr=False, gamma=None, gammaErrorPolicy='raise', infoMsg=UNKNOWN, lms=UNKNOWN, monitor=<psychopy.monitors.calibTools.Monitor object at 0x000002C8E5F896A0>, multiSample=False, name='window1', numSamples=2, pos=[130.0, 540.0], screen=0, size=array([640, 360]), stencilBits=0, stereo=False, title='PsychoPy', units='height', useFBO=True, useRetina=False, viewOri=0.0, viewPos=None, viewScale=None, waitBlanking=True, winType='pyglet')
10.2180 	EXP 	window1: backgroundImage = ''
10.2180 	EXP 	window1: backgroundFit = 'none'
10.6173 	EXP 	window1: Attempting to measure frame rate of screen (0) ...
10.6173 	EXP 	window1: recordFrameIntervals = False
10.8448 	EXP 	window1: recordFrameIntervals = True
11.0158 	WARNING 	t of last frame was 20.64ms (=1/48)
11.1685 	WARNING 	t of last frame was 22.26ms (=1/44)
11.1970 	WARNING 	t of last frame was 28.53ms (=1/35)
11.3632 	EXP 	Screen (0) actual frame rate measured at 60.23Hz
11.3633 	EXP 	window1: recordFrameIntervals = False
11.4261 	INFO 	keyboard.Keyboard is using ptb backend.
11.4262 	EXP 	Graz: status = STARTED
11.5135 	EXP 	Created attention_cross = ImageStim(__class__=<class 'psychopy.visual.image.ImageStim'>, anchor=('center', 'center'), autoLog=True, color=array([1., 1., 1.]), colorSpace='rgb', contrast=1.0, depth=0.0, draggable=False, flipHoriz=False, flipVert=False, image='stims/cross.png', interpolate=True, mask=None, maskParams=None, name='attention_cross', opacity=1, ori=0.0, pos=array([0., 0.]), size=array([0.5, 0.5]), texRes=128.0, units='height', win=Window(...))
11.5189 	EXP 	Created motor_cue = ImageStim(__class__=<class 'psychopy.visual.image.ImageStim'>, anchor=('center', 'center'), autoLog=True, color=array([1., 1., 1.]), colorSpace='rgb', contrast=1.0, depth=0.0, draggable=False, flipHoriz=False, flipVert=False, image='default.png', interpolate=True, mask=None, maskParams=None, name='motor_cue', opacity=1, ori=0.0, pos=array([0., 0.]), size=array([1., 1.]), texRes=128.0, units='height', win=Window(...))
11.5727 	EXP 	Created attempt = ImageStim(__class__=<class 'psychopy.visual.image.ImageStim'>, anchor=('center', 'center'), autoLog=True, color=array([1., 1., 1.]), colorSpace='rgb', contrast=1.0, depth=0.0, draggable=False, flipHoriz=False, flipVert=False, image='stims/cross.png', interpolate=True, mask=None, maskParams=None, name='attempt', opacity=1, ori=0.0, pos=array([0., 0.]), size=array([0.5, 0.5]), texRes=128.0, units='height', win=Window(...))
11.6325 	EXP 	Created image_2 = ImageStim(__class__=<class 'psychopy.visual.image.ImageStim'>, anchor=('center', 'center'), autoLog=True, color=array([1., 1., 1.]), colorSpace='rgb', contrast=1.0, depth=-1.0, draggable=False, flipHoriz=False, flipVert=False, image='stims/rest.png', interpolate=True, mask=None, maskParams=None, name='image_2', opacity=1, ori=0.0, pos=array([0., 0.]), size=array([0.5, 0.5]), texRes=128.0, units='height', win=Window(...))
0.0875 	EXP 	Imported stims_sequence.csv as conditions, 10 conditions, 2 params
0.0878 	EXP 	New trial (rep=0, index=0): <Trial 0 (0 in rep 0) data={'img': 'C:\\Users\\User\\Documents\\GitHub\\real_time_bci\\stims\\right_hand.png', 'event_label': 'RIGHT_MI_STIM', 'thisN': 0, 'thisTrialN': 0, 'thisRepN': 0}>
3.0955 	EXP 	attention_cross: autoDraw = True
5.1639 	EXP 	attention_cross: autoDraw = False
5.1639 	EXP 	motor_cue: image = 'C:\\Users\\User\\Documents\\GitHub\\real_time_bci\\stims\\right_hand.png'
5.1639 	EXP 	motor_cue: autoDraw = True
6.3622 	EXP 	motor_cue: autoDraw = False
6.3622 	EXP 	attempt: autoDraw = True
10.1116 	EXP 	attempt: autoDraw = False
10.1116 	EXP 	image_2: autoDraw = True
12.0954 	EXP 	New trial (rep=0, index=1): <Trial 1 (1 in rep 0) data={'img': 'C:\\Users\\User\\Documents\\GitHub\\real_time_bci\\stims\\right_hand.png', 'event_label': 'RIGHT_MI_STIM', 'thisN': 1, 'thisTrialN': 1, 'thisRepN': 0}>
12.1121 	EXP 	image_2: autoDraw = False
12.1121 	EXP 	attention_cross: autoDraw = True
14.1626 	EXP 	attention_cross: autoDraw = False
14.1626 	EXP 	motor_cue: image = 'C:\\Users\\User\\Documents\\GitHub\\real_time_bci\\stims\\right_hand.png'
14.1626 	EXP 	motor_cue: autoDraw = True
15.3621 	EXP 	motor_cue: autoDraw = False
15.3621 	EXP 	attempt: autoDraw = True
19.1116 	EXP 	attempt: autoDraw = False
19.1116 	EXP 	image_2: autoDraw = True
21.0947 	EXP 	New trial (rep=0, index=2): <Trial 2 (2 in rep 0) data={'img': 'C:\\Users\\User\\Documents\\GitHub\\real_time_bci\\stims\\left_hand.png', 'event_label': 'LEFT_MI_STIM', 'thisN': 2, 'thisTrialN': 2, 'thisRepN': 0}>
21.1119 	EXP 	image_2: autoDraw = False
21.1119 	EXP 	attention_cross: autoDraw = True
23.1785 	EXP 	attention_cross: autoDraw = False
23.1785 	EXP 	motor_cue: image = 'C:\\Users\\User\\Documents\\GitHub\\real_time_bci\\stims\\left_hand.png'
23.1785 	EXP 	motor_cue: autoDraw = True
24.3615 	EXP 	motor_cue: autoDraw = False
24.3615 	EXP 	attempt: autoDraw = True
28.1144 	EXP 	attempt: autoDraw = False
28.1144 	EXP 	image_2: autoDraw = True
30.0987 	EXP 	New trial (rep=0, index=3): <Trial 3 (3 in rep 0) data={'img': 'C:\\Users\\User\\Documents\\GitHub\\real_time_bci\\stims\\left_hand.png', 'event_label': 'LEFT_MI_STIM', 'thisN': 3, 'thisTrialN': 3, 'thisRepN': 0}>
30.1127 	EXP 	image_2: autoDraw = False
30.1127 	EXP 	attention_cross: autoDraw = True
32.1613 	EXP 	attention_cross: autoDraw = False
32.1613 	EXP 	motor_cue: image = 'C:\\Users\\User\\Documents\\GitHub\\real_time_bci\\stims\\left_hand.png'
32.1613 	EXP 	motor_cue: autoDraw = True
33.3603 	EXP 	motor_cue: autoDraw = False
33.3603 	EXP 	attempt: autoDraw = True
37.1143 	EXP 	attempt: autoDraw = False
37.1143 	EXP 	image_2: autoDraw = True
39.0956 	EXP 	New trial (rep=0, index=4): <Trial 4 (4 in rep 0) data={'img': 'C:\\Users\\User\\Documents\\GitHub\\real_time_bci\\stims\\right_hand.png', 'event_label': 'RIGHT_MI_STIM', 'thisN': 4, 'thisTrialN': 4, 'thisRepN': 0}>
39.1119 	EXP 	image_2: autoDraw = False
39.1119 	EXP 	attention_cross: autoDraw = True
41.1440 	EXP 	attention_cross: autoDraw = False
41.1440 	EXP 	motor_cue: image = 'C:\\Users\\User\\Documents\\GitHub\\real_time_bci\\stims\\right_hand.png'
41.1440 	EXP 	motor_cue: autoDraw = True
42.3607 	EXP 	motor_cue: autoDraw = False
42.3607 	EXP 	attempt: autoDraw = True
46.1102 	EXP 	attempt: autoDraw = False
46.1102 	EXP 	image_2: autoDraw = True
48.0936 	EXP 	New trial (rep=0, index=5): <Trial 5 (5 in rep 0) data={'img': 'C:\\Users\\User\\Documents\\GitHub\\real_time_bci\\stims\\right_hand.png', 'event_label': 'RIGHT_MI_STIM', 'thisN': 5, 'thisTrialN': 5, 'thisRepN': 0}>
48.1103 	EXP 	image_2: autoDraw = False
48.1103 	EXP 	attention_cross: autoDraw = True
50.1612 	EXP 	attention_cross: autoDraw = False
50.1612 	EXP 	motor_cue: image = 'C:\\Users\\User\\Documents\\GitHub\\real_time_bci\\stims\\right_hand.png'
50.1612 	EXP 	motor_cue: autoDraw = True
51.3604 	EXP 	motor_cue: autoDraw = False
51.3604 	EXP 	attempt: autoDraw = True
55.1093 	EXP 	attempt: autoDraw = False
55.1093 	EXP 	image_2: autoDraw = True
57.0934 	EXP 	New trial (rep=0, index=6): <Trial 6 (6 in rep 0) data={'img': 'C:\\Users\\User\\Documents\\GitHub\\real_time_bci\\stims\\left_hand.png', 'event_label': 'LEFT_MI_STIM', 'thisN': 6, 'thisTrialN': 6, 'thisRepN': 0}>
57.1100 	EXP 	image_2: autoDraw = False
57.1100 	EXP 	attention_cross: autoDraw = True
59.1600 	EXP 	attention_cross: autoDraw = False
59.1600 	EXP 	motor_cue: image = 'C:\\Users\\User\\Documents\\GitHub\\real_time_bci\\stims\\left_hand.png'
59.1600 	EXP 	motor_cue: autoDraw = True
60.3602 	EXP 	motor_cue: autoDraw = False
60.3602 	EXP 	attempt: autoDraw = True
64.1082 	EXP 	attempt: autoDraw = False
64.1082 	EXP 	image_2: autoDraw = True
66.0944 	EXP 	New trial (rep=0, index=7): <Trial 7 (7 in rep 0) data={'img': 'C:\\Users\\User\\Documents\\GitHub\\real_time_bci\\stims\\right_hand.png', 'event_label': 'RIGHT_MI_STIM', 'thisN': 7, 'thisTrialN': 7, 'thisRepN': 0}>
66.1082 	EXP 	image_2: autoDraw = False
66.1082 	EXP 	attention_cross: autoDraw = True
68.1429 	EXP 	attention_cross: autoDraw = False
68.1429 	EXP 	motor_cue: image = 'C:\\Users\\User\\Documents\\GitHub\\real_time_bci\\stims\\right_hand.png'
68.1429 	EXP 	motor_cue: autoDraw = True
69.3618 	EXP 	motor_cue: autoDraw = False
69.3618 	EXP 	attempt: autoDraw = True
73.1096 	EXP 	attempt: autoDraw = False
73.1096 	EXP 	image_2: autoDraw = True
75.0924 	EXP 	New trial (rep=0, index=8): <Trial 8 (8 in rep 0) data={'img': 'C:\\Users\\User\\Documents\\GitHub\\real_time_bci\\stims\\left_hand.png', 'event_label': 'LEFT_MI_STIM', 'thisN': 8, 'thisTrialN': 8, 'thisRepN': 0}>
75.1089 	EXP 	image_2: autoDraw = False
75.1089 	EXP 	attention_cross: autoDraw = True
77.1425 	EXP 	attention_cross: autoDraw = False
77.1425 	EXP 	motor_cue: image = 'C:\\Users\\User\\Documents\\GitHub\\real_time_bci\\stims\\left_hand.png'
77.1425 	EXP 	motor_cue: autoDraw = True
78.3576 	EXP 	motor_cue: autoDraw = False
78.3576 	EXP 	attempt: autoDraw = True
82.1077 	EXP 	attempt: autoDraw = False
82.1077 	EXP 	image_2: autoDraw = True
84.0914 	EXP 	New trial (rep=0, index=9): <Trial 9 (9 in rep 0) data={'img': 'C:\\Users\\User\\Documents\\GitHub\\real_time_bci\\stims\\left_hand.png', 'event_label': 'LEFT_MI_STIM', 'thisN': 9, 'thisTrialN': 9, 'thisRepN': 0}>
84.1085 	EXP 	image_2: autoDraw = False
84.1085 	EXP 	attention_cross: autoDraw = True
86.1761 	EXP 	attention_cross: autoDraw = False
86.1761 	EXP 	motor_cue: image = 'C:\\Users\\User\\Documents\\GitHub\\real_time_bci\\stims\\left_hand.png'
86.1761 	EXP 	motor_cue: autoDraw = True
87.3587 	EXP 	motor_cue: autoDraw = False
87.3587 	EXP 	attempt: autoDraw = True
91.1130 	EXP 	attempt: autoDraw = False
91.1130 	EXP 	image_2: autoDraw = True
93.0907 	EXP 	New trial (rep=1, index=0): <Trial 10 (0 in rep 1) data={'img': 'C:\\Users\\User\\Documents\\GitHub\\real_time_bci\\stims\\left_hand.png', 'event_label': 'LEFT_MI_STIM', 'thisN': 10, 'thisTrialN': 0, 'thisRepN': 1}>
93.1067 	EXP 	image_2: autoDraw = False
93.1067 	EXP 	attention_cross: autoDraw = True
95.1916 	EXP 	attention_cross: autoDraw = False
95.1916 	EXP 	motor_cue: image = 'C:\\Users\\User\\Documents\\GitHub\\real_time_bci\\stims\\left_hand.png'
95.1916 	EXP 	motor_cue: autoDraw = True
96.3577 	EXP 	motor_cue: autoDraw = False
96.3577 	EXP 	attempt: autoDraw = True
100.1083 	EXP 	attempt: autoDraw = False
100.1083 	EXP 	image_2: autoDraw = True
102.0902 	EXP 	New trial (rep=1, index=1): <Trial 11 (1 in rep 1) data={'img': 'C:\\Users\\User\\Documents\\GitHub\\real_time_bci\\stims\\left_hand.png', 'event_label': 'LEFT_MI_STIM', 'thisN': 11, 'thisTrialN': 1, 'thisRepN': 1}>
102.1068 	EXP 	image_2: autoDraw = False
102.1068 	EXP 	attention_cross: autoDraw = True
104.1586 	EXP 	attention_cross: autoDraw = False
104.1586 	EXP 	motor_cue: image = 'C:\\Users\\User\\Documents\\GitHub\\real_time_bci\\stims\\left_hand.png'
104.1586 	EXP 	motor_cue: autoDraw = True
105.3569 	EXP 	motor_cue: autoDraw = False
105.3569 	EXP 	attempt: autoDraw = True
109.1065 	EXP 	attempt: autoDraw = False
109.1065 	EXP 	image_2: autoDraw = True
111.0906 	EXP 	New trial (rep=1, index=2): <Trial 12 (2 in rep 1) data={'img': 'C:\\Users\\User\\Documents\\GitHub\\real_time_bci\\stims\\left_hand.png', 'event_label': 'LEFT_MI_STIM', 'thisN': 12, 'thisTrialN': 2, 'thisRepN': 1}>
111.1070 	EXP 	image_2: autoDraw = False
111.1070 	EXP 	attention_cross: autoDraw = True
113.1569 	EXP 	attention_cross: autoDraw = False
113.1569 	EXP 	motor_cue: image = 'C:\\Users\\User\\Documents\\GitHub\\real_time_bci\\stims\\left_hand.png'
113.1569 	EXP 	motor_cue: autoDraw = True
114.3563 	EXP 	motor_cue: autoDraw = False
114.3563 	EXP 	attempt: autoDraw = True
118.1065 	EXP 	attempt: autoDraw = False
118.1065 	EXP 	image_2: autoDraw = True
120.0927 	EXP 	New trial (rep=1, index=3): <Trial 13 (3 in rep 1) data={'img': 'C:\\Users\\User\\Documents\\GitHub\\real_time_bci\\stims\\right_hand.png', 'event_label': 'RIGHT_MI_STIM', 'thisN': 13, 'thisTrialN': 3, 'thisRepN': 1}>
120.1077 	EXP 	image_2: autoDraw = False
120.1077 	EXP 	attention_cross: autoDraw = True
122.1568 	EXP 	attention_cross: autoDraw = False
122.1568 	EXP 	motor_cue: image = 'C:\\Users\\User\\Documents\\GitHub\\real_time_bci\\stims\\right_hand.png'
122.1568 	EXP 	motor_cue: autoDraw = True
123.3590 	EXP 	motor_cue: autoDraw = False
123.3590 	EXP 	attempt: autoDraw = True
127.1057 	EXP 	attempt: autoDraw = False
127.1057 	EXP 	image_2: autoDraw = True
129.0892 	EXP 	New trial (rep=1, index=4): <Trial 14 (4 in rep 1) data={'img': 'C:\\Users\\User\\Documents\\GitHub\\real_time_bci\\stims\\left_hand.png', 'event_label': 'LEFT_MI_STIM', 'thisN': 14, 'thisTrialN': 4, 'thisRepN': 1}>
129.1062 	EXP 	image_2: autoDraw = False
129.1062 	EXP 	attention_cross: autoDraw = True
131.1402 	EXP 	attention_cross: autoDraw = False
131.1402 	EXP 	motor_cue: image = 'C:\\Users\\User\\Documents\\GitHub\\real_time_bci\\stims\\left_hand.png'
131.1402 	EXP 	motor_cue: autoDraw = True
132.3574 	EXP 	motor_cue: autoDraw = False
132.3574 	EXP 	attempt: autoDraw = True
136.1049 	EXP 	attempt: autoDraw = False
136.1049 	EXP 	image_2: autoDraw = True
138.0882 	EXP 	New trial (rep=1, index=5): <Trial 15 (5 in rep 1) data={'img': 'C:\\Users\\User\\Documents\\GitHub\\real_time_bci\\stims\\left_hand.png', 'event_label': 'LEFT_MI_STIM', 'thisN': 15, 'thisTrialN': 5, 'thisRepN': 1}>
138.1051 	EXP 	image_2: autoDraw = False
138.1051 	EXP 	attention_cross: autoDraw = True
140.1581 	EXP 	attention_cross: autoDraw = False
140.1581 	EXP 	motor_cue: image = 'C:\\Users\\User\\Documents\\GitHub\\real_time_bci\\stims\\left_hand.png'
140.1581 	EXP 	motor_cue: autoDraw = True
141.3562 	EXP 	motor_cue: autoDraw = False
141.3562 	EXP 	attempt: autoDraw = True
145.1062 	EXP 	attempt: autoDraw = False
145.1062 	EXP 	image_2: autoDraw = True
147.0877 	EXP 	New trial (rep=1, index=6): <Trial 16 (6 in rep 1) data={'img': 'C:\\Users\\User\\Documents\\GitHub\\real_time_bci\\stims\\right_hand.png', 'event_label': 'RIGHT_MI_STIM', 'thisN': 16, 'thisTrialN': 6, 'thisRepN': 1}>
147.1042 	EXP 	image_2: autoDraw = False
147.1042 	EXP 	attention_cross: autoDraw = True
149.1393 	EXP 	attention_cross: autoDraw = False
149.1393 	EXP 	motor_cue: image = 'C:\\Users\\User\\Documents\\GitHub\\real_time_bci\\stims\\right_hand.png'
149.1393 	EXP 	motor_cue: autoDraw = True
150.3550 	EXP 	motor_cue: autoDraw = False
150.3550 	EXP 	attempt: autoDraw = True
154.1045 	EXP 	attempt: autoDraw = False
154.1045 	EXP 	image_2: autoDraw = True
156.0876 	EXP 	New trial (rep=1, index=7): <Trial 17 (7 in rep 1) data={'img': 'C:\\Users\\User\\Documents\\GitHub\\real_time_bci\\stims\\right_hand.png', 'event_label': 'RIGHT_MI_STIM', 'thisN': 17, 'thisTrialN': 7, 'thisRepN': 1}>
156.1042 	EXP 	image_2: autoDraw = False
156.1042 	EXP 	attention_cross: autoDraw = True
158.1387 	EXP 	attention_cross: autoDraw = False
158.1387 	EXP 	motor_cue: image = 'C:\\Users\\User\\Documents\\GitHub\\real_time_bci\\stims\\right_hand.png'
158.1387 	EXP 	motor_cue: autoDraw = True
159.3552 	EXP 	motor_cue: autoDraw = False
159.3552 	EXP 	attempt: autoDraw = True
163.1045 	EXP 	attempt: autoDraw = False
163.1045 	EXP 	image_2: autoDraw = True
165.0865 	EXP 	New trial (rep=1, index=8): <Trial 18 (8 in rep 1) data={'img': 'C:\\Users\\User\\Documents\\GitHub\\real_time_bci\\stims\\right_hand.png', 'event_label': 'RIGHT_MI_STIM', 'thisN': 18, 'thisTrialN': 8, 'thisRepN': 1}>
165.1031 	EXP 	image_2: autoDraw = False
165.1031 	EXP 	attention_cross: autoDraw = True
167.1375 	EXP 	attention_cross: autoDraw = False
167.1375 	EXP 	motor_cue: image = 'C:\\Users\\User\\Documents\\GitHub\\real_time_bci\\stims\\right_hand.png'
167.1375 	EXP 	motor_cue: autoDraw = True
168.3532 	EXP 	motor_cue: autoDraw = False
168.3532 	EXP 	attempt: autoDraw = True
172.1063 	EXP 	attempt: autoDraw = False
172.1063 	EXP 	image_2: autoDraw = True
174.0866 	EXP 	New trial (rep=1, index=9): <Trial 19 (9 in rep 1) data={'img': 'C:\\Users\\User\\Documents\\GitHub\\real_time_bci\\stims\\right_hand.png', 'event_label': 'RIGHT_MI_STIM', 'thisN': 19, 'thisTrialN': 9, 'thisRepN': 1}>
174.1032 	EXP 	image_2: autoDraw = False
174.1032 	EXP 	attention_cross: autoDraw = True
176.1545 	EXP 	attention_cross: autoDraw = False
176.1545 	EXP 	motor_cue: image = 'C:\\Users\\User\\Documents\\GitHub\\real_time_bci\\stims\\right_hand.png'
176.1545 	EXP 	motor_cue: autoDraw = True
177.3526 	EXP 	motor_cue: autoDraw = False
177.3526 	EXP 	attempt: autoDraw = True
181.1019 	EXP 	attempt: autoDraw = False
181.1019 	EXP 	image_2: autoDraw = True
183.1018 	EXP 	image_2: autoDraw = False
183.1020 	EXP 	Graz: status = STOPPED
183.1491 	INFO 	saved data to 'C:\\Users\\User\\Documents\\GitHub\\real_time_bci\\data\\407892_Graz_2026-06-21_23h55.59.717.csv'
183.1522 	INFO 	saved data to C:\Users\User\Documents\GitHub\real_time_bci\data\407892_Graz_2026-06-21_23h55.59.717.psydat
183.4949 	WARNING 	Stopping key buffers but this could be dangerous ifother keyboards rely on the same.
